member hashes 0 / 56950
member hashes 5000 / 56950
member hashes 10000 / 56950
member hashes 15000 / 56950
member hashes 20000 / 56950
member hashes 25000 / 56950
member hashes 30000 / 56950
member hashes 35000 / 56950
member hashes 40000 / 56950
member hashes 45000 / 56950
member hashes 50000 / 56950
member hashes 55000 / 56950
all member hashes verified
raw evidence verified seed0_l0_tc_k4_s0
metadata and independent report points passed seed0_l0_tc_k4_s0
local audit passed seed0_l0_tc_k4_s0
raw evidence verified seed0_l0_tc_k16_s0
metadata and independent report points passed seed0_l0_tc_k16_s0
local audit passed seed0_l0_tc_k16_s0
raw evidence verified seed0_l3_tc_k4_s0
metadata and independent report points passed seed0_l3_tc_k4_s0
local audit passed seed0_l3_tc_k4_s0
raw evidence verified seed0_l3_tc_k16_s0
metadata and independent report points passed seed0_l3_tc_k16_s0
local audit passed seed0_l3_tc_k16_s0
raw evidence verified seed0_l7_tc_k4_s0
metadata and independent report points passed seed0_l7_tc_k4_s0
local audit passed seed0_l7_tc_k4_s0
raw evidence verified seed0_l7_tc_k16_s0
metadata and independent report points passed seed0_l7_tc_k16_s0
local audit passed seed0_l7_tc_k16_s0
raw evidence verified seed0_l11_tc_k4_s0
metadata and independent report points passed seed0_l11_tc_k4_s0
local audit passed seed0_l11_tc_k4_s0
raw evidence verified seed0_l11_tc_k16_s0
metadata and independent report points passed seed0_l11_tc_k16_s0
local audit passed seed0_l11_tc_k16_s0
raw evidence verified seed1_l0_tc_k4_s0
metadata and independent report points passed seed1_l0_tc_k4_s0
local audit passed seed1_l0_tc_k4_s0
raw evidence verified seed1_l0_tc_k16_s0
metadata and independent report points passed seed1_l0_tc_k16_s0
local audit passed seed1_l0_tc_k16_s0
raw evidence verified seed1_l3_tc_k4_s0
metadata and independent report points passed seed1_l3_tc_k4_s0
local audit passed seed1_l3_tc_k4_s0
raw evidence verified seed1_l3_tc_k16_s0
metadata and independent report points passed seed1_l3_tc_k16_s0
local audit passed seed1_l3_tc_k16_s0
raw evidence verified seed1_l7_tc_k4_s0
metadata and independent report points passed seed1_l7_tc_k4_s0
local audit passed seed1_l7_tc_k4_s0
raw evidence verified seed1_l7_tc_k16_s0
metadata and independent report points passed seed1_l7_tc_k16_s0
local audit passed seed1_l7_tc_k16_s0
