{"command": ["/usr/bin/python3", "-u", "-m", "interp_v1_4.p9_sae_runner", "patch", "--root", "/content/MI_P9_evaluation_r1", "--source", "/content/drive/MyDrive/boolean_interp_v1_4/P5_r2", "--output", "/content/drive/MyDrive/boolean_interp_v1_4/P9_evaluation_r1/sae", "--device", "cuda", "--smoke", "/content/drive/MyDrive/boolean_interp_v1_4/P9_evaluation_r1/sae/smoke/1790782443786071823/smoke.json"], "started_ns": 1790791933793559991}
source cache verified 40
seed0_l0_sae_k4_s1 replacement 16 / 2048
seed0_l0_sae_k4_s1 replacement 32 / 2048
seed0_l0_sae_k4_s1 replacement 48 / 2048
seed0_l0_sae_k4_s1 replacement 64 / 2048
seed0_l0_sae_k4_s1 replacement 80 / 2048
seed0_l0_sae_k4_s1 replacement 96 / 2048
seed0_l0_sae_k4_s1 replacement 112 / 2048
seed0_l0_sae_k4_s1 replacement 128 / 2048
seed0_l0_sae_k4_s1 replacement 144 / 2048
seed0_l0_sae_k4_s1 replacement 160 / 2048
seed0_l0_sae_k4_s1 replacement 176 / 2048
seed0_l0_sae_k4_s1 replacement 192 / 2048
seed0_l0_sae_k4_s1 replacement 208 / 2048
seed0_l0_sae_k4_s1 replacement 224 / 2048
seed0_l0_sae_k4_s1 replacement 240 / 2048
seed0_l0_sae_k4_s1 replacement 256 / 2048
seed0_l0_sae_k4_s1 replacement 272 / 2048
seed0_l0_sae_k4_s1 replacement 288 / 2048
seed0_l0_sae_k4_s1 replacement 304 / 2048
seed0_l0_sae_k4_s1 replacement 320 / 2048
seed0_l0_sae_k4_s1 replacement 336 / 2048
seed0_l0_sae_k4_s1 replacement 352 / 2048
seed0_l0_sae_k4_s1 replacement 368 / 2048
seed0_l0_sae_k4_s1 replacement 384 / 2048
seed0_l0_sae_k4_s1 replacement 400 / 2048
seed0_l0_sae_k4_s1 replacement 416 / 2048
seed0_l0_sae_k4_s1 replacement 432 / 2048
seed0_l0_sae_k4_s1 replacement 448 / 2048
seed0_l0_sae_k4_s1 replacement 464 / 2048
seed0_l0_sae_k4_s1 replacement 480 / 2048
seed0_l0_sae_k4_s1 replacement 496 / 2048
seed0_l0_sae_k4_s1 replacement 512 / 2048
seed0_l0_sae_k4_s1 replacement 528 / 2048
seed0_l0_sae_k4_s1 replacement 544 / 2048
seed0_l0_sae_k4_s1 replacement 560 / 2048
seed0_l0_sae_k4_s1 replacement 576 / 2048
seed0_l0_sae_k4_s1 replacement 592 / 2048
seed0_l0_sae_k4_s1 replacement 608 / 2048
seed0_l0_sae_k4_s1 replacement 624 / 2048
seed0_l0_sae_k4_s1 replacement 640 / 2048
seed0_l0_sae_k4_s1 replacement 656 / 2048
seed0_l0_sae_k4_s1 replacement 672 / 2048
seed0_l0_sae_k4_s1 replacement 688 / 2048
seed0_l0_sae_k4_s1 replacement 704 / 2048
seed0_l0_sae_k4_s1 replacement 720 / 2048
seed0_l0_sae_k4_s1 replacement 736 / 2048
seed0_l0_sae_k4_s1 replacement 752 / 2048
seed0_l0_sae_k4_s1 replacement 768 / 2048
seed0_l0_sae_k4_s1 replacement 784 / 2048
seed0_l0_sae_k4_s1 replacement 800 / 2048
seed0_l0_sae_k4_s1 replacement 816 / 2048
seed0_l0_sae_k4_s1 replacement 832 / 2048
seed0_l0_sae_k4_s1 replacement 848 / 2048
seed0_l0_sae_k4_s1 replacement 864 / 2048
seed0_l0_sae_k4_s1 replacement 880 / 2048
seed0_l0_sae_k4_s1 replacement 896 / 2048
seed0_l0_sae_k4_s1 replacement 912 / 2048
seed0_l0_sae_k4_s1 replacement 928 / 2048
seed0_l0_sae_k4_s1 replacement 944 / 2048
seed0_l0_sae_k4_s1 replacement 960 / 2048
seed0_l0_sae_k4_s1 replacement 976 / 2048
seed0_l0_sae_k4_s1 replacement 992 / 2048
seed0_l0_sae_k4_s1 replacement 1008 / 2048
seed0_l0_sae_k4_s1 replacement 1024 / 2048
seed0_l0_sae_k4_s1 replacement 1040 / 2048
seed0_l0_sae_k4_s1 replacement 1056 / 2048
seed0_l0_sae_k4_s1 replacement 1072 / 2048
seed0_l0_sae_k4_s1 replacement 1088 / 2048
seed0_l0_sae_k4_s1 replacement 1104 / 2048
seed0_l0_sae_k4_s1 replacement 1120 / 2048
seed0_l0_sae_k4_s1 replacement 1136 / 2048
seed0_l0_sae_k4_s1 replacement 1152 / 2048
seed0_l0_sae_k4_s1 replacement 1168 / 2048
seed0_l0_sae_k4_s1 replacement 1184 / 2048
seed0_l0_sae_k4_s1 replacement 1200 / 2048
seed0_l0_sae_k4_s1 replacement 1216 / 2048
seed0_l0_sae_k4_s1 replacement 1232 / 2048
seed0_l0_sae_k4_s1 replacement 1248 / 2048
seed0_l0_sae_k4_s1 replacement 1264 / 2048
seed0_l0_sae_k4_s1 replacement 1280 / 2048
seed0_l0_sae_k4_s1 replacement 1296 / 2048
seed0_l0_sae_k4_s1 replacement 1312 / 2048
seed0_l0_sae_k4_s1 replacement 1328 / 2048
seed0_l0_sae_k4_s1 replacement 1344 / 2048
seed0_l0_sae_k4_s1 replacement 1360 / 2048
seed0_l0_sae_k4_s1 replacement 1376 / 2048
seed0_l0_sae_k4_s1 replacement 1392 / 2048
seed0_l0_sae_k4_s1 replacement 1408 / 2048
seed0_l0_sae_k4_s1 replacement 1424 / 2048
seed0_l0_sae_k4_s1 replacement 1440 / 2048
seed0_l0_sae_k4_s1 replacement 1456 / 2048
seed0_l0_sae_k4_s1 replacement 1472 / 2048
seed0_l0_sae_k4_s1 replacement 1488 / 2048
seed0_l0_sae_k4_s1 replacement 1504 / 2048
seed0_l0_sae_k4_s1 replacement 1520 / 2048
seed0_l0_sae_k4_s1 replacement 1536 / 2048
seed0_l0_sae_k4_s1 replacement 1552 / 2048
seed0_l0_sae_k4_s1 replacement 1568 / 2048
seed0_l0_sae_k4_s1 replacement 1584 / 2048
seed0_l0_sae_k4_s1 replacement 1600 / 2048
seed0_l0_sae_k4_s1 replacement 1616 / 2048
seed0_l0_sae_k4_s1 replacement 1632 / 2048
seed0_l0_sae_k4_s1 replacement 1648 / 2048
seed0_l0_sae_k4_s1 replacement 1664 / 2048
seed0_l0_sae_k4_s1 replacement 1680 / 2048
seed0_l0_sae_k4_s1 replacement 1696 / 2048
seed0_l0_sae_k4_s1 replacement 1712 / 2048
seed0_l0_sae_k4_s1 replacement 1728 / 2048
seed0_l0_sae_k4_s1 replacement 1744 / 2048
seed0_l0_sae_k4_s1 replacement 1760 / 2048
seed0_l0_sae_k4_s1 replacement 1776 / 2048
seed0_l0_sae_k4_s1 replacement 1792 / 2048
seed0_l0_sae_k4_s1 replacement 1808 / 2048
seed0_l0_sae_k4_s1 replacement 1824 / 2048
seed0_l0_sae_k4_s1 replacement 1840 / 2048
seed0_l0_sae_k4_s1 replacement 1856 / 2048
seed0_l0_sae_k4_s1 replacement 1872 / 2048
seed0_l0_sae_k4_s1 replacement 1888 / 2048
seed0_l0_sae_k4_s1 replacement 1904 / 2048
seed0_l0_sae_k4_s1 replacement 1920 / 2048
seed0_l0_sae_k4_s1 replacement 1936 / 2048
seed0_l0_sae_k4_s1 replacement 1952 / 2048
seed0_l0_sae_k4_s1 replacement 1968 / 2048
seed0_l0_sae_k4_s1 replacement 1984 / 2048
seed0_l0_sae_k4_s1 replacement 2000 / 2048
seed0_l0_sae_k4_s1 replacement 2016 / 2048
seed0_l0_sae_k4_s1 replacement 2032 / 2048
seed0_l0_sae_k4_s1 replacement 2048 / 2048
seed0_l0_sae_k4_s1 test_changed_memory 1 / 512
seed0_l0_sae_k4_s1 test_changed_memory 33 / 512
seed0_l0_sae_k4_s1 test_changed_memory 65 / 512
seed0_l0_sae_k4_s1 test_changed_memory 97 / 512
seed0_l0_sae_k4_s1 test_changed_memory 129 / 512
seed0_l0_sae_k4_s1 test_changed_memory 161 / 512
seed0_l0_sae_k4_s1 test_changed_memory 193 / 512
seed0_l0_sae_k4_s1 test_changed_memory 225 / 512
seed0_l0_sae_k4_s1 test_changed_memory 257 / 512
seed0_l0_sae_k4_s1 test_changed_memory 289 / 512
seed0_l0_sae_k4_s1 test_changed_memory 321 / 512
seed0_l0_sae_k4_s1 test_changed_memory 353 / 512
seed0_l0_sae_k4_s1 test_changed_memory 385 / 512
seed0_l0_sae_k4_s1 test_changed_memory 417 / 512
seed0_l0_sae_k4_s1 test_changed_memory 449 / 512
seed0_l0_sae_k4_s1 test_changed_memory 481 / 512
seed0_l0_sae_k4_s1 test_changed_composition 1 / 512
seed0_l0_sae_k4_s1 test_changed_composition 33 / 512
seed0_l0_sae_k4_s1 test_changed_composition 65 / 512
seed0_l0_sae_k4_s1 test_changed_composition 97 / 512
seed0_l0_sae_k4_s1 test_changed_composition 129 / 512
seed0_l0_sae_k4_s1 test_changed_composition 161 / 512
seed0_l0_sae_k4_s1 test_changed_composition 193 / 512
seed0_l0_sae_k4_s1 test_changed_composition 225 / 512
seed0_l0_sae_k4_s1 test_changed_composition 257 / 512
seed0_l0_sae_k4_s1 test_changed_composition 289 / 512
seed0_l0_sae_k4_s1 test_changed_composition 321 / 512
seed0_l0_sae_k4_s1 test_changed_composition 353 / 512
seed0_l0_sae_k4_s1 test_changed_composition 385 / 512
seed0_l0_sae_k4_s1 test_changed_composition 417 / 512
seed0_l0_sae_k4_s1 test_changed_composition 449 / 512
seed0_l0_sae_k4_s1 test_changed_composition 481 / 512
seed0_l0_sae_k4_s1 test_unchanged_memory 1 / 512
seed0_l0_sae_k4_s1 test_unchanged_memory 33 / 512
seed0_l0_sae_k4_s1 test_unchanged_memory 65 / 512
seed0_l0_sae_k4_s1 test_unchanged_memory 97 / 512
seed0_l0_sae_k4_s1 test_unchanged_memory 129 / 512
seed0_l0_sae_k4_s1 test_unchanged_memory 161 / 512
seed0_l0_sae_k4_s1 test_unchanged_memory 193 / 512
seed0_l0_sae_k4_s1 test_unchanged_memory 225 / 512
seed0_l0_sae_k4_s1 test_unchanged_memory 257 / 512
seed0_l0_sae_k4_s1 test_unchanged_memory 289 / 512
seed0_l0_sae_k4_s1 test_unchanged_memory 321 / 512
seed0_l0_sae_k4_s1 test_unchanged_memory 353 / 512
seed0_l0_sae_k4_s1 test_unchanged_memory 385 / 512
seed0_l0_sae_k4_s1 test_unchanged_memory 417 / 512
seed0_l0_sae_k4_s1 test_unchanged_memory 449 / 512
seed0_l0_sae_k4_s1 test_unchanged_memory 481 / 512
seed0_l0_sae_k4_s1 test_unchanged_composition 1 / 512
seed0_l0_sae_k4_s1 test_unchanged_composition 33 / 512
seed0_l0_sae_k4_s1 test_unchanged_composition 65 / 512
seed0_l0_sae_k4_s1 test_unchanged_composition 97 / 512
seed0_l0_sae_k4_s1 test_unchanged_composition 129 / 512
seed0_l0_sae_k4_s1 test_unchanged_composition 161 / 512
seed0_l0_sae_k4_s1 test_unchanged_composition 193 / 512
seed0_l0_sae_k4_s1 test_unchanged_composition 225 / 512
seed0_l0_sae_k4_s1 test_unchanged_composition 257 / 512
seed0_l0_sae_k4_s1 test_unchanged_composition 289 / 512
seed0_l0_sae_k4_s1 test_unchanged_composition 321 / 512
seed0_l0_sae_k4_s1 test_unchanged_composition 353 / 512
seed0_l0_sae_k4_s1 test_unchanged_composition 385 / 512
seed0_l0_sae_k4_s1 test_unchanged_composition 417 / 512
seed0_l0_sae_k4_s1 test_unchanged_composition 449 / 512
seed0_l0_sae_k4_s1 test_unchanged_composition 481 / 512
completed stage patch seed0_l0_sae_k4_s1
seed0_l0_sae_k16_s1 replacement 16 / 2048
seed0_l0_sae_k16_s1 replacement 32 / 2048
seed0_l0_sae_k16_s1 replacement 48 / 2048
seed0_l0_sae_k16_s1 replacement 64 / 2048
seed0_l0_sae_k16_s1 replacement 80 / 2048
seed0_l0_sae_k16_s1 replacement 96 / 2048
seed0_l0_sae_k16_s1 replacement 112 / 2048
seed0_l0_sae_k16_s1 replacement 128 / 2048
seed0_l0_sae_k16_s1 replacement 144 / 2048
seed0_l0_sae_k16_s1 replacement 160 / 2048
seed0_l0_sae_k16_s1 replacement 176 / 2048
seed0_l0_sae_k16_s1 replacement 192 / 2048
seed0_l0_sae_k16_s1 replacement 208 / 2048
seed0_l0_sae_k16_s1 replacement 224 / 2048
seed0_l0_sae_k16_s1 replacement 240 / 2048
seed0_l0_sae_k16_s1 replacement 256 / 2048
seed0_l0_sae_k16_s1 replacement 272 / 2048
seed0_l0_sae_k16_s1 replacement 288 / 2048
seed0_l0_sae_k16_s1 replacement 304 / 2048
seed0_l0_sae_k16_s1 replacement 320 / 2048
seed0_l0_sae_k16_s1 replacement 336 / 2048
seed0_l0_sae_k16_s1 replacement 352 / 2048
seed0_l0_sae_k16_s1 replacement 368 / 2048
seed0_l0_sae_k16_s1 replacement 384 / 2048
seed0_l0_sae_k16_s1 replacement 400 / 2048
seed0_l0_sae_k16_s1 replacement 416 / 2048
seed0_l0_sae_k16_s1 replacement 432 / 2048
seed0_l0_sae_k16_s1 replacement 448 / 2048
seed0_l0_sae_k16_s1 replacement 464 / 2048
seed0_l0_sae_k16_s1 replacement 480 / 2048
seed0_l0_sae_k16_s1 replacement 496 / 2048
seed0_l0_sae_k16_s1 replacement 512 / 2048
seed0_l0_sae_k16_s1 replacement 528 / 2048
seed0_l0_sae_k16_s1 replacement 544 / 2048
seed0_l0_sae_k16_s1 replacement 560 / 2048
seed0_l0_sae_k16_s1 replacement 576 / 2048
seed0_l0_sae_k16_s1 replacement 592 / 2048
seed0_l0_sae_k16_s1 replacement 608 / 2048
seed0_l0_sae_k16_s1 replacement 624 / 2048
seed0_l0_sae_k16_s1 replacement 640 / 2048
seed0_l0_sae_k16_s1 replacement 656 / 2048
seed0_l0_sae_k16_s1 replacement 672 / 2048
seed0_l0_sae_k16_s1 replacement 688 / 2048
seed0_l0_sae_k16_s1 replacement 704 / 2048
seed0_l0_sae_k16_s1 replacement 720 / 2048
seed0_l0_sae_k16_s1 replacement 736 / 2048
seed0_l0_sae_k16_s1 replacement 752 / 2048
seed0_l0_sae_k16_s1 replacement 768 / 2048
seed0_l0_sae_k16_s1 replacement 784 / 2048
seed0_l0_sae_k16_s1 replacement 800 / 2048
seed0_l0_sae_k16_s1 replacement 816 / 2048
seed0_l0_sae_k16_s1 replacement 832 / 2048
seed0_l0_sae_k16_s1 replacement 848 / 2048
seed0_l0_sae_k16_s1 replacement 864 / 2048
seed0_l0_sae_k16_s1 replacement 880 / 2048
seed0_l0_sae_k16_s1 replacement 896 / 2048
seed0_l0_sae_k16_s1 replacement 912 / 2048
seed0_l0_sae_k16_s1 replacement 928 / 2048
seed0_l0_sae_k16_s1 replacement 944 / 2048
seed0_l0_sae_k16_s1 replacement 960 / 2048
seed0_l0_sae_k16_s1 replacement 976 / 2048
seed0_l0_sae_k16_s1 replacement 992 / 2048
seed0_l0_sae_k16_s1 replacement 1008 / 2048
seed0_l0_sae_k16_s1 replacement 1024 / 2048
seed0_l0_sae_k16_s1 replacement 1040 / 2048
seed0_l0_sae_k16_s1 replacement 1056 / 2048
seed0_l0_sae_k16_s1 replacement 1072 / 2048
seed0_l0_sae_k16_s1 replacement 1088 / 2048
seed0_l0_sae_k16_s1 replacement 1104 / 2048
seed0_l0_sae_k16_s1 replacement 1120 / 2048
seed0_l0_sae_k16_s1 replacement 1136 / 2048
seed0_l0_sae_k16_s1 replacement 1152 / 2048
seed0_l0_sae_k16_s1 replacement 1168 / 2048
seed0_l0_sae_k16_s1 replacement 1184 / 2048
seed0_l0_sae_k16_s1 replacement 1200 / 2048
seed0_l0_sae_k16_s1 replacement 1216 / 2048
seed0_l0_sae_k16_s1 replacement 1232 / 2048
seed0_l0_sae_k16_s1 replacement 1248 / 2048
seed0_l0_sae_k16_s1 replacement 1264 / 2048
seed0_l0_sae_k16_s1 replacement 1280 / 2048
seed0_l0_sae_k16_s1 replacement 1296 / 2048
seed0_l0_sae_k16_s1 replacement 1312 / 2048
seed0_l0_sae_k16_s1 replacement 1328 / 2048
seed0_l0_sae_k16_s1 replacement 1344 / 2048
seed0_l0_sae_k16_s1 replacement 1360 / 2048
seed0_l0_sae_k16_s1 replacement 1376 / 2048
seed0_l0_sae_k16_s1 replacement 1392 / 2048
seed0_l0_sae_k16_s1 replacement 1408 / 2048
seed0_l0_sae_k16_s1 replacement 1424 / 2048
seed0_l0_sae_k16_s1 replacement 1440 / 2048
seed0_l0_sae_k16_s1 replacement 1456 / 2048
seed0_l0_sae_k16_s1 replacement 1472 / 2048
seed0_l0_sae_k16_s1 replacement 1488 / 2048
seed0_l0_sae_k16_s1 replacement 1504 / 2048
seed0_l0_sae_k16_s1 replacement 1520 / 2048
seed0_l0_sae_k16_s1 replacement 1536 / 2048
seed0_l0_sae_k16_s1 replacement 1552 / 2048
seed0_l0_sae_k16_s1 replacement 1568 / 2048
seed0_l0_sae_k16_s1 replacement 1584 / 2048
seed0_l0_sae_k16_s1 replacement 1600 / 2048
seed0_l0_sae_k16_s1 replacement 1616 / 2048
seed0_l0_sae_k16_s1 replacement 1632 / 2048
seed0_l0_sae_k16_s1 replacement 1648 / 2048
seed0_l0_sae_k16_s1 replacement 1664 / 2048
seed0_l0_sae_k16_s1 replacement 1680 / 2048
seed0_l0_sae_k16_s1 replacement 1696 / 2048
seed0_l0_sae_k16_s1 replacement 1712 / 2048
seed0_l0_sae_k16_s1 replacement 1728 / 2048
seed0_l0_sae_k16_s1 replacement 1744 / 2048
seed0_l0_sae_k16_s1 replacement 1760 / 2048
seed0_l0_sae_k16_s1 replacement 1776 / 2048
seed0_l0_sae_k16_s1 replacement 1792 / 2048
seed0_l0_sae_k16_s1 replacement 1808 / 2048
seed0_l0_sae_k16_s1 replacement 1824 / 2048
seed0_l0_sae_k16_s1 replacement 1840 / 2048
seed0_l0_sae_k16_s1 replacement 1856 / 2048
seed0_l0_sae_k16_s1 replacement 1872 / 2048
seed0_l0_sae_k16_s1 replacement 1888 / 2048
seed0_l0_sae_k16_s1 replacement 1904 / 2048
seed0_l0_sae_k16_s1 replacement 1920 / 2048
seed0_l0_sae_k16_s1 replacement 1936 / 2048
seed0_l0_sae_k16_s1 replacement 1952 / 2048
seed0_l0_sae_k16_s1 replacement 1968 / 2048
seed0_l0_sae_k16_s1 replacement 1984 / 2048
seed0_l0_sae_k16_s1 replacement 2000 / 2048
seed0_l0_sae_k16_s1 replacement 2016 / 2048
seed0_l0_sae_k16_s1 replacement 2032 / 2048
seed0_l0_sae_k16_s1 replacement 2048 / 2048
seed0_l0_sae_k16_s1 test_changed_memory 1 / 512
seed0_l0_sae_k16_s1 test_changed_memory 33 / 512
seed0_l0_sae_k16_s1 test_changed_memory 65 / 512
seed0_l0_sae_k16_s1 test_changed_memory 97 / 512
seed0_l0_sae_k16_s1 test_changed_memory 129 / 512
seed0_l0_sae_k16_s1 test_changed_memory 161 / 512
seed0_l0_sae_k16_s1 test_changed_memory 193 / 512
seed0_l0_sae_k16_s1 test_changed_memory 225 / 512
seed0_l0_sae_k16_s1 test_changed_memory 257 / 512
seed0_l0_sae_k16_s1 test_changed_memory 289 / 512
seed0_l0_sae_k16_s1 test_changed_memory 321 / 512
seed0_l0_sae_k16_s1 test_changed_memory 353 / 512
seed0_l0_sae_k16_s1 test_changed_memory 385 / 512
seed0_l0_sae_k16_s1 test_changed_memory 417 / 512
seed0_l0_sae_k16_s1 test_changed_memory 449 / 512
seed0_l0_sae_k16_s1 test_changed_memory 481 / 512
seed0_l0_sae_k16_s1 test_changed_composition 1 / 512
seed0_l0_sae_k16_s1 test_changed_composition 33 / 512
seed0_l0_sae_k16_s1 test_changed_composition 65 / 512
seed0_l0_sae_k16_s1 test_changed_composition 97 / 512
seed0_l0_sae_k16_s1 test_changed_composition 129 / 512
seed0_l0_sae_k16_s1 test_changed_composition 161 / 512
seed0_l0_sae_k16_s1 test_changed_composition 193 / 512
seed0_l0_sae_k16_s1 test_changed_composition 225 / 512
seed0_l0_sae_k16_s1 test_changed_composition 257 / 512
seed0_l0_sae_k16_s1 test_changed_composition 289 / 512
seed0_l0_sae_k16_s1 test_changed_composition 321 / 512
seed0_l0_sae_k16_s1 test_changed_composition 353 / 512
seed0_l0_sae_k16_s1 test_changed_composition 385 / 512
seed0_l0_sae_k16_s1 test_changed_composition 417 / 512
seed0_l0_sae_k16_s1 test_changed_composition 449 / 512
seed0_l0_sae_k16_s1 test_changed_composition 481 / 512
seed0_l0_sae_k16_s1 test_unchanged_memory 1 / 512
seed0_l0_sae_k16_s1 test_unchanged_memory 33 / 512
seed0_l0_sae_k16_s1 test_unchanged_memory 65 / 512
seed0_l0_sae_k16_s1 test_unchanged_memory 97 / 512
seed0_l0_sae_k16_s1 test_unchanged_memory 129 / 512
seed0_l0_sae_k16_s1 test_unchanged_memory 161 / 512
seed0_l0_sae_k16_s1 test_unchanged_memory 193 / 512
seed0_l0_sae_k16_s1 test_unchanged_memory 225 / 512
seed0_l0_sae_k16_s1 test_unchanged_memory 257 / 512
seed0_l0_sae_k16_s1 test_unchanged_memory 289 / 512
seed0_l0_sae_k16_s1 test_unchanged_memory 321 / 512
seed0_l0_sae_k16_s1 test_unchanged_memory 353 / 512
seed0_l0_sae_k16_s1 test_unchanged_memory 385 / 512
seed0_l0_sae_k16_s1 test_unchanged_memory 417 / 512
seed0_l0_sae_k16_s1 test_unchanged_memory 449 / 512
seed0_l0_sae_k16_s1 test_unchanged_memory 481 / 512
seed0_l0_sae_k16_s1 test_unchanged_composition 1 / 512
seed0_l0_sae_k16_s1 test_unchanged_composition 33 / 512
seed0_l0_sae_k16_s1 test_unchanged_composition 65 / 512
seed0_l0_sae_k16_s1 test_unchanged_composition 97 / 512
seed0_l0_sae_k16_s1 test_unchanged_composition 129 / 512
seed0_l0_sae_k16_s1 test_unchanged_composition 161 / 512
seed0_l0_sae_k16_s1 test_unchanged_composition 193 / 512
seed0_l0_sae_k16_s1 test_unchanged_composition 225 / 512
seed0_l0_sae_k16_s1 test_unchanged_composition 257 / 512
seed0_l0_sae_k16_s1 test_unchanged_composition 289 / 512
seed0_l0_sae_k16_s1 test_unchanged_composition 321 / 512
seed0_l0_sae_k16_s1 test_unchanged_composition 353 / 512
seed0_l0_sae_k16_s1 test_unchanged_composition 385 / 512
seed0_l0_sae_k16_s1 test_unchanged_composition 417 / 512
seed0_l0_sae_k16_s1 test_unchanged_composition 449 / 512
seed0_l0_sae_k16_s1 test_unchanged_composition 481 / 512
completed stage patch seed0_l0_sae_k16_s1
seed0_l3_sae_k4_s1 replacement 16 / 2048
seed0_l3_sae_k4_s1 replacement 32 / 2048
seed0_l3_sae_k4_s1 replacement 48 / 2048
seed0_l3_sae_k4_s1 replacement 64 / 2048
seed0_l3_sae_k4_s1 replacement 80 / 2048
seed0_l3_sae_k4_s1 replacement 96 / 2048
seed0_l3_sae_k4_s1 replacement 112 / 2048
seed0_l3_sae_k4_s1 replacement 128 / 2048
seed0_l3_sae_k4_s1 replacement 144 / 2048
seed0_l3_sae_k4_s1 replacement 160 / 2048
seed0_l3_sae_k4_s1 replacement 176 / 2048
seed0_l3_sae_k4_s1 replacement 192 / 2048
seed0_l3_sae_k4_s1 replacement 208 / 2048
seed0_l3_sae_k4_s1 replacement 224 / 2048
seed0_l3_sae_k4_s1 replacement 240 / 2048
seed0_l3_sae_k4_s1 replacement 256 / 2048
seed0_l3_sae_k4_s1 replacement 272 / 2048
seed0_l3_sae_k4_s1 replacement 288 / 2048
seed0_l3_sae_k4_s1 replacement 304 / 2048
seed0_l3_sae_k4_s1 replacement 320 / 2048
seed0_l3_sae_k4_s1 replacement 336 / 2048
seed0_l3_sae_k4_s1 replacement 352 / 2048
seed0_l3_sae_k4_s1 replacement 368 / 2048
seed0_l3_sae_k4_s1 replacement 384 / 2048
seed0_l3_sae_k4_s1 replacement 400 / 2048
seed0_l3_sae_k4_s1 replacement 416 / 2048
seed0_l3_sae_k4_s1 replacement 432 / 2048
seed0_l3_sae_k4_s1 replacement 448 / 2048
seed0_l3_sae_k4_s1 replacement 464 / 2048
seed0_l3_sae_k4_s1 replacement 480 / 2048
seed0_l3_sae_k4_s1 replacement 496 / 2048
seed0_l3_sae_k4_s1 replacement 512 / 2048
seed0_l3_sae_k4_s1 replacement 528 / 2048
seed0_l3_sae_k4_s1 replacement 544 / 2048
seed0_l3_sae_k4_s1 replacement 560 / 2048
seed0_l3_sae_k4_s1 replacement 576 / 2048
seed0_l3_sae_k4_s1 replacement 592 / 2048
seed0_l3_sae_k4_s1 replacement 608 / 2048
seed0_l3_sae_k4_s1 replacement 624 / 2048
seed0_l3_sae_k4_s1 replacement 640 / 2048
seed0_l3_sae_k4_s1 replacement 656 / 2048
seed0_l3_sae_k4_s1 replacement 672 / 2048
seed0_l3_sae_k4_s1 replacement 688 / 2048
seed0_l3_sae_k4_s1 replacement 704 / 2048
seed0_l3_sae_k4_s1 replacement 720 / 2048
seed0_l3_sae_k4_s1 replacement 736 / 2048
seed0_l3_sae_k4_s1 replacement 752 / 2048
seed0_l3_sae_k4_s1 replacement 768 / 2048
seed0_l3_sae_k4_s1 replacement 784 / 2048
seed0_l3_sae_k4_s1 replacement 800 / 2048
seed0_l3_sae_k4_s1 replacement 816 / 2048
seed0_l3_sae_k4_s1 replacement 832 / 2048
seed0_l3_sae_k4_s1 replacement 848 / 2048
seed0_l3_sae_k4_s1 replacement 864 / 2048
seed0_l3_sae_k4_s1 replacement 880 / 2048
seed0_l3_sae_k4_s1 replacement 896 / 2048
seed0_l3_sae_k4_s1 replacement 912 / 2048
seed0_l3_sae_k4_s1 replacement 928 / 2048
seed0_l3_sae_k4_s1 replacement 944 / 2048
seed0_l3_sae_k4_s1 replacement 960 / 2048
seed0_l3_sae_k4_s1 replacement 976 / 2048
seed0_l3_sae_k4_s1 replacement 992 / 2048
seed0_l3_sae_k4_s1 replacement 1008 / 2048
seed0_l3_sae_k4_s1 replacement 1024 / 2048
seed0_l3_sae_k4_s1 replacement 1040 / 2048
seed0_l3_sae_k4_s1 replacement 1056 / 2048
seed0_l3_sae_k4_s1 replacement 1072 / 2048
seed0_l3_sae_k4_s1 replacement 1088 / 2048
seed0_l3_sae_k4_s1 replacement 1104 / 2048
seed0_l3_sae_k4_s1 replacement 1120 / 2048
seed0_l3_sae_k4_s1 replacement 1136 / 2048
seed0_l3_sae_k4_s1 replacement 1152 / 2048
seed0_l3_sae_k4_s1 replacement 1168 / 2048
seed0_l3_sae_k4_s1 replacement 1184 / 2048
seed0_l3_sae_k4_s1 replacement 1200 / 2048
seed0_l3_sae_k4_s1 replacement 1216 / 2048
seed0_l3_sae_k4_s1 replacement 1232 / 2048
seed0_l3_sae_k4_s1 replacement 1248 / 2048
seed0_l3_sae_k4_s1 replacement 1264 / 2048
seed0_l3_sae_k4_s1 replacement 1280 / 2048
seed0_l3_sae_k4_s1 replacement 1296 / 2048
seed0_l3_sae_k4_s1 replacement 1312 / 2048
seed0_l3_sae_k4_s1 replacement 1328 / 2048
seed0_l3_sae_k4_s1 replacement 1344 / 2048
seed0_l3_sae_k4_s1 replacement 1360 / 2048
seed0_l3_sae_k4_s1 replacement 1376 / 2048
seed0_l3_sae_k4_s1 replacement 1392 / 2048
seed0_l3_sae_k4_s1 replacement 1408 / 2048
seed0_l3_sae_k4_s1 replacement 1424 / 2048
seed0_l3_sae_k4_s1 replacement 1440 / 2048
seed0_l3_sae_k4_s1 replacement 1456 / 2048
seed0_l3_sae_k4_s1 replacement 1472 / 2048
seed0_l3_sae_k4_s1 replacement 1488 / 2048
seed0_l3_sae_k4_s1 replacement 1504 / 2048
seed0_l3_sae_k4_s1 replacement 1520 / 2048
seed0_l3_sae_k4_s1 replacement 1536 / 2048
seed0_l3_sae_k4_s1 replacement 1552 / 2048
seed0_l3_sae_k4_s1 replacement 1568 / 2048
seed0_l3_sae_k4_s1 replacement 1584 / 2048
seed0_l3_sae_k4_s1 replacement 1600 / 2048
seed0_l3_sae_k4_s1 replacement 1616 / 2048
seed0_l3_sae_k4_s1 replacement 1632 / 2048
seed0_l3_sae_k4_s1 replacement 1648 / 2048
seed0_l3_sae_k4_s1 replacement 1664 / 2048
seed0_l3_sae_k4_s1 replacement 1680 / 2048
seed0_l3_sae_k4_s1 replacement 1696 / 2048
seed0_l3_sae_k4_s1 replacement 1712 / 2048
seed0_l3_sae_k4_s1 replacement 1728 / 2048
seed0_l3_sae_k4_s1 replacement 1744 / 2048
seed0_l3_sae_k4_s1 replacement 1760 / 2048
seed0_l3_sae_k4_s1 replacement 1776 / 2048
seed0_l3_sae_k4_s1 replacement 1792 / 2048
seed0_l3_sae_k4_s1 replacement 1808 / 2048
seed0_l3_sae_k4_s1 replacement 1824 / 2048
seed0_l3_sae_k4_s1 replacement 1840 / 2048
seed0_l3_sae_k4_s1 replacement 1856 / 2048
seed0_l3_sae_k4_s1 replacement 1872 / 2048
seed0_l3_sae_k4_s1 replacement 1888 / 2048
seed0_l3_sae_k4_s1 replacement 1904 / 2048
seed0_l3_sae_k4_s1 replacement 1920 / 2048
seed0_l3_sae_k4_s1 replacement 1936 / 2048
seed0_l3_sae_k4_s1 replacement 1952 / 2048
seed0_l3_sae_k4_s1 replacement 1968 / 2048
seed0_l3_sae_k4_s1 replacement 1984 / 2048
seed0_l3_sae_k4_s1 replacement 2000 / 2048
seed0_l3_sae_k4_s1 replacement 2016 / 2048
seed0_l3_sae_k4_s1 replacement 2032 / 2048
seed0_l3_sae_k4_s1 replacement 2048 / 2048
seed0_l3_sae_k4_s1 test_changed_memory 1 / 512
seed0_l3_sae_k4_s1 test_changed_memory 33 / 512
seed0_l3_sae_k4_s1 test_changed_memory 65 / 512
seed0_l3_sae_k4_s1 test_changed_memory 97 / 512
seed0_l3_sae_k4_s1 test_changed_memory 129 / 512
seed0_l3_sae_k4_s1 test_changed_memory 161 / 512
seed0_l3_sae_k4_s1 test_changed_memory 193 / 512
seed0_l3_sae_k4_s1 test_changed_memory 225 / 512
seed0_l3_sae_k4_s1 test_changed_memory 257 / 512
seed0_l3_sae_k4_s1 test_changed_memory 289 / 512
seed0_l3_sae_k4_s1 test_changed_memory 321 / 512
seed0_l3_sae_k4_s1 test_changed_memory 353 / 512
seed0_l3_sae_k4_s1 test_changed_memory 385 / 512
seed0_l3_sae_k4_s1 test_changed_memory 417 / 512
seed0_l3_sae_k4_s1 test_changed_memory 449 / 512
seed0_l3_sae_k4_s1 test_changed_memory 481 / 512
seed0_l3_sae_k4_s1 test_changed_composition 1 / 512
seed0_l3_sae_k4_s1 test_changed_composition 33 / 512
seed0_l3_sae_k4_s1 test_changed_composition 65 / 512
seed0_l3_sae_k4_s1 test_changed_composition 97 / 512
seed0_l3_sae_k4_s1 test_changed_composition 129 / 512
seed0_l3_sae_k4_s1 test_changed_composition 161 / 512
seed0_l3_sae_k4_s1 test_changed_composition 193 / 512
seed0_l3_sae_k4_s1 test_changed_composition 225 / 512
seed0_l3_sae_k4_s1 test_changed_composition 257 / 512
seed0_l3_sae_k4_s1 test_changed_composition 289 / 512
seed0_l3_sae_k4_s1 test_changed_composition 321 / 512
seed0_l3_sae_k4_s1 test_changed_composition 353 / 512
seed0_l3_sae_k4_s1 test_changed_composition 385 / 512
seed0_l3_sae_k4_s1 test_changed_composition 417 / 512
seed0_l3_sae_k4_s1 test_changed_composition 449 / 512
seed0_l3_sae_k4_s1 test_changed_composition 481 / 512
seed0_l3_sae_k4_s1 test_unchanged_memory 1 / 512
seed0_l3_sae_k4_s1 test_unchanged_memory 33 / 512
seed0_l3_sae_k4_s1 test_unchanged_memory 65 / 512
seed0_l3_sae_k4_s1 test_unchanged_memory 97 / 512
seed0_l3_sae_k4_s1 test_unchanged_memory 129 / 512
seed0_l3_sae_k4_s1 test_unchanged_memory 161 / 512
seed0_l3_sae_k4_s1 test_unchanged_memory 193 / 512
seed0_l3_sae_k4_s1 test_unchanged_memory 225 / 512
seed0_l3_sae_k4_s1 test_unchanged_memory 257 / 512
seed0_l3_sae_k4_s1 test_unchanged_memory 289 / 512
seed0_l3_sae_k4_s1 test_unchanged_memory 321 / 512
seed0_l3_sae_k4_s1 test_unchanged_memory 353 / 512
seed0_l3_sae_k4_s1 test_unchanged_memory 385 / 512
seed0_l3_sae_k4_s1 test_unchanged_memory 417 / 512
seed0_l3_sae_k4_s1 test_unchanged_memory 449 / 512
seed0_l3_sae_k4_s1 test_unchanged_memory 481 / 512
seed0_l3_sae_k4_s1 test_unchanged_composition 1 / 512
seed0_l3_sae_k4_s1 test_unchanged_composition 33 / 512
seed0_l3_sae_k4_s1 test_unchanged_composition 65 / 512
seed0_l3_sae_k4_s1 test_unchanged_composition 97 / 512
seed0_l3_sae_k4_s1 test_unchanged_composition 129 / 512
seed0_l3_sae_k4_s1 test_unchanged_composition 161 / 512
seed0_l3_sae_k4_s1 test_unchanged_composition 193 / 512
seed0_l3_sae_k4_s1 test_unchanged_composition 225 / 512
seed0_l3_sae_k4_s1 test_unchanged_composition 257 / 512
seed0_l3_sae_k4_s1 test_unchanged_composition 289 / 512
seed0_l3_sae_k4_s1 test_unchanged_composition 321 / 512
seed0_l3_sae_k4_s1 test_unchanged_composition 353 / 512
seed0_l3_sae_k4_s1 test_unchanged_composition 385 / 512
seed0_l3_sae_k4_s1 test_unchanged_composition 417 / 512
seed0_l3_sae_k4_s1 test_unchanged_composition 449 / 512
seed0_l3_sae_k4_s1 test_unchanged_composition 481 / 512
completed stage patch seed0_l3_sae_k4_s1
seed0_l3_sae_k16_s1 replacement 16 / 2048
seed0_l3_sae_k16_s1 replacement 32 / 2048
seed0_l3_sae_k16_s1 replacement 48 / 2048
seed0_l3_sae_k16_s1 replacement 64 / 2048
seed0_l3_sae_k16_s1 replacement 80 / 2048
seed0_l3_sae_k16_s1 replacement 96 / 2048
seed0_l3_sae_k16_s1 replacement 112 / 2048
seed0_l3_sae_k16_s1 replacement 128 / 2048
seed0_l3_sae_k16_s1 replacement 144 / 2048
seed0_l3_sae_k16_s1 replacement 160 / 2048
seed0_l3_sae_k16_s1 replacement 176 / 2048
seed0_l3_sae_k16_s1 replacement 192 / 2048
seed0_l3_sae_k16_s1 replacement 208 / 2048
seed0_l3_sae_k16_s1 replacement 224 / 2048
seed0_l3_sae_k16_s1 replacement 240 / 2048
seed0_l3_sae_k16_s1 replacement 256 / 2048
seed0_l3_sae_k16_s1 replacement 272 / 2048
seed0_l3_sae_k16_s1 replacement 288 / 2048
seed0_l3_sae_k16_s1 replacement 304 / 2048
seed0_l3_sae_k16_s1 replacement 320 / 2048
seed0_l3_sae_k16_s1 replacement 336 / 2048
seed0_l3_sae_k16_s1 replacement 352 / 2048
seed0_l3_sae_k16_s1 replacement 368 / 2048
seed0_l3_sae_k16_s1 replacement 384 / 2048
seed0_l3_sae_k16_s1 replacement 400 / 2048
seed0_l3_sae_k16_s1 replacement 416 / 2048
seed0_l3_sae_k16_s1 replacement 432 / 2048
seed0_l3_sae_k16_s1 replacement 448 / 2048
seed0_l3_sae_k16_s1 replacement 464 / 2048
seed0_l3_sae_k16_s1 replacement 480 / 2048
seed0_l3_sae_k16_s1 replacement 496 / 2048
seed0_l3_sae_k16_s1 replacement 512 / 2048
seed0_l3_sae_k16_s1 replacement 528 / 2048
seed0_l3_sae_k16_s1 replacement 544 / 2048
seed0_l3_sae_k16_s1 replacement 560 / 2048
seed0_l3_sae_k16_s1 replacement 576 / 2048
seed0_l3_sae_k16_s1 replacement 592 / 2048
seed0_l3_sae_k16_s1 replacement 608 / 2048
seed0_l3_sae_k16_s1 replacement 624 / 2048
seed0_l3_sae_k16_s1 replacement 640 / 2048
seed0_l3_sae_k16_s1 replacement 656 / 2048
seed0_l3_sae_k16_s1 replacement 672 / 2048
seed0_l3_sae_k16_s1 replacement 688 / 2048
seed0_l3_sae_k16_s1 replacement 704 / 2048
seed0_l3_sae_k16_s1 replacement 720 / 2048
seed0_l3_sae_k16_s1 replacement 736 / 2048
seed0_l3_sae_k16_s1 replacement 752 / 2048
seed0_l3_sae_k16_s1 replacement 768 / 2048
seed0_l3_sae_k16_s1 replacement 784 / 2048
seed0_l3_sae_k16_s1 replacement 800 / 2048
seed0_l3_sae_k16_s1 replacement 816 / 2048
seed0_l3_sae_k16_s1 replacement 832 / 2048
seed0_l3_sae_k16_s1 replacement 848 / 2048
seed0_l3_sae_k16_s1 replacement 864 / 2048
seed0_l3_sae_k16_s1 replacement 880 / 2048
seed0_l3_sae_k16_s1 replacement 896 / 2048
seed0_l3_sae_k16_s1 replacement 912 / 2048
seed0_l3_sae_k16_s1 replacement 928 / 2048
seed0_l3_sae_k16_s1 replacement 944 / 2048
seed0_l3_sae_k16_s1 replacement 960 / 2048
seed0_l3_sae_k16_s1 replacement 976 / 2048
seed0_l3_sae_k16_s1 replacement 992 / 2048
seed0_l3_sae_k16_s1 replacement 1008 / 2048
seed0_l3_sae_k16_s1 replacement 1024 / 2048
seed0_l3_sae_k16_s1 replacement 1040 / 2048
seed0_l3_sae_k16_s1 replacement 1056 / 2048
seed0_l3_sae_k16_s1 replacement 1072 / 2048
seed0_l3_sae_k16_s1 replacement 1088 / 2048
seed0_l3_sae_k16_s1 replacement 1104 / 2048
seed0_l3_sae_k16_s1 replacement 1120 / 2048
seed0_l3_sae_k16_s1 replacement 1136 / 2048
seed0_l3_sae_k16_s1 replacement 1152 / 2048
seed0_l3_sae_k16_s1 replacement 1168 / 2048
seed0_l3_sae_k16_s1 replacement 1184 / 2048
seed0_l3_sae_k16_s1 replacement 1200 / 2048
seed0_l3_sae_k16_s1 replacement 1216 / 2048
seed0_l3_sae_k16_s1 replacement 1232 / 2048
seed0_l3_sae_k16_s1 replacement 1248 / 2048
seed0_l3_sae_k16_s1 replacement 1264 / 2048
seed0_l3_sae_k16_s1 replacement 1280 / 2048
seed0_l3_sae_k16_s1 replacement 1296 / 2048
seed0_l3_sae_k16_s1 replacement 1312 / 2048
seed0_l3_sae_k16_s1 replacement 1328 / 2048
seed0_l3_sae_k16_s1 replacement 1344 / 2048
seed0_l3_sae_k16_s1 replacement 1360 / 2048
seed0_l3_sae_k16_s1 replacement 1376 / 2048
seed0_l3_sae_k16_s1 replacement 1392 / 2048
seed0_l3_sae_k16_s1 replacement 1408 / 2048
seed0_l3_sae_k16_s1 replacement 1424 / 2048
seed0_l3_sae_k16_s1 replacement 1440 / 2048
seed0_l3_sae_k16_s1 replacement 1456 / 2048
seed0_l3_sae_k16_s1 replacement 1472 / 2048
seed0_l3_sae_k16_s1 replacement 1488 / 2048
seed0_l3_sae_k16_s1 replacement 1504 / 2048
seed0_l3_sae_k16_s1 replacement 1520 / 2048
seed0_l3_sae_k16_s1 replacement 1536 / 2048
seed0_l3_sae_k16_s1 replacement 1552 / 2048
seed0_l3_sae_k16_s1 replacement 1568 / 2048
seed0_l3_sae_k16_s1 replacement 1584 / 2048
seed0_l3_sae_k16_s1 replacement 1600 / 2048
seed0_l3_sae_k16_s1 replacement 1616 / 2048
seed0_l3_sae_k16_s1 replacement 1632 / 2048
seed0_l3_sae_k16_s1 replacement 1648 / 2048
seed0_l3_sae_k16_s1 replacement 1664 / 2048
seed0_l3_sae_k16_s1 replacement 1680 / 2048
seed0_l3_sae_k16_s1 replacement 1696 / 2048
seed0_l3_sae_k16_s1 replacement 1712 / 2048
seed0_l3_sae_k16_s1 replacement 1728 / 2048
seed0_l3_sae_k16_s1 replacement 1744 / 2048
seed0_l3_sae_k16_s1 replacement 1760 / 2048
seed0_l3_sae_k16_s1 replacement 1776 / 2048
seed0_l3_sae_k16_s1 replacement 1792 / 2048
seed0_l3_sae_k16_s1 replacement 1808 / 2048
seed0_l3_sae_k16_s1 replacement 1824 / 2048
seed0_l3_sae_k16_s1 replacement 1840 / 2048
seed0_l3_sae_k16_s1 replacement 1856 / 2048
seed0_l3_sae_k16_s1 replacement 1872 / 2048
seed0_l3_sae_k16_s1 replacement 1888 / 2048
seed0_l3_sae_k16_s1 replacement 1904 / 2048
seed0_l3_sae_k16_s1 replacement 1920 / 2048
seed0_l3_sae_k16_s1 replacement 1936 / 2048
seed0_l3_sae_k16_s1 replacement 1952 / 2048
seed0_l3_sae_k16_s1 replacement 1968 / 2048
seed0_l3_sae_k16_s1 replacement 1984 / 2048
seed0_l3_sae_k16_s1 replacement 2000 / 2048
seed0_l3_sae_k16_s1 replacement 2016 / 2048
seed0_l3_sae_k16_s1 replacement 2032 / 2048
seed0_l3_sae_k16_s1 replacement 2048 / 2048
seed0_l3_sae_k16_s1 test_changed_memory 1 / 512
seed0_l3_sae_k16_s1 test_changed_memory 33 / 512
seed0_l3_sae_k16_s1 test_changed_memory 65 / 512
seed0_l3_sae_k16_s1 test_changed_memory 97 / 512
seed0_l3_sae_k16_s1 test_changed_memory 129 / 512
seed0_l3_sae_k16_s1 test_changed_memory 161 / 512
seed0_l3_sae_k16_s1 test_changed_memory 193 / 512
seed0_l3_sae_k16_s1 test_changed_memory 225 / 512
seed0_l3_sae_k16_s1 test_changed_memory 257 / 512
seed0_l3_sae_k16_s1 test_changed_memory 289 / 512
seed0_l3_sae_k16_s1 test_changed_memory 321 / 512
seed0_l3_sae_k16_s1 test_changed_memory 353 / 512
seed0_l3_sae_k16_s1 test_changed_memory 385 / 512
seed0_l3_sae_k16_s1 test_changed_memory 417 / 512
seed0_l3_sae_k16_s1 test_changed_memory 449 / 512
seed0_l3_sae_k16_s1 test_changed_memory 481 / 512
seed0_l3_sae_k16_s1 test_changed_composition 1 / 512
seed0_l3_sae_k16_s1 test_changed_composition 33 / 512
seed0_l3_sae_k16_s1 test_changed_composition 65 / 512
seed0_l3_sae_k16_s1 test_changed_composition 97 / 512
seed0_l3_sae_k16_s1 test_changed_composition 129 / 512
seed0_l3_sae_k16_s1 test_changed_composition 161 / 512
seed0_l3_sae_k16_s1 test_changed_composition 193 / 512
seed0_l3_sae_k16_s1 test_changed_composition 225 / 512
seed0_l3_sae_k16_s1 test_changed_composition 257 / 512
seed0_l3_sae_k16_s1 test_changed_composition 289 / 512
seed0_l3_sae_k16_s1 test_changed_composition 321 / 512
seed0_l3_sae_k16_s1 test_changed_composition 353 / 512
seed0_l3_sae_k16_s1 test_changed_composition 385 / 512
seed0_l3_sae_k16_s1 test_changed_composition 417 / 512
seed0_l3_sae_k16_s1 test_changed_composition 449 / 512
seed0_l3_sae_k16_s1 test_changed_composition 481 / 512
seed0_l3_sae_k16_s1 test_unchanged_memory 1 / 512
seed0_l3_sae_k16_s1 test_unchanged_memory 33 / 512
seed0_l3_sae_k16_s1 test_unchanged_memory 65 / 512
seed0_l3_sae_k16_s1 test_unchanged_memory 97 / 512
seed0_l3_sae_k16_s1 test_unchanged_memory 129 / 512
seed0_l3_sae_k16_s1 test_unchanged_memory 161 / 512
seed0_l3_sae_k16_s1 test_unchanged_memory 193 / 512
seed0_l3_sae_k16_s1 test_unchanged_memory 225 / 512
seed0_l3_sae_k16_s1 test_unchanged_memory 257 / 512
seed0_l3_sae_k16_s1 test_unchanged_memory 289 / 512
seed0_l3_sae_k16_s1 test_unchanged_memory 321 / 512
seed0_l3_sae_k16_s1 test_unchanged_memory 353 / 512
seed0_l3_sae_k16_s1 test_unchanged_memory 385 / 512
seed0_l3_sae_k16_s1 test_unchanged_memory 417 / 512
seed0_l3_sae_k16_s1 test_unchanged_memory 449 / 512
seed0_l3_sae_k16_s1 test_unchanged_memory 481 / 512
seed0_l3_sae_k16_s1 test_unchanged_composition 1 / 512
seed0_l3_sae_k16_s1 test_unchanged_composition 33 / 512
seed0_l3_sae_k16_s1 test_unchanged_composition 65 / 512
seed0_l3_sae_k16_s1 test_unchanged_composition 97 / 512
seed0_l3_sae_k16_s1 test_unchanged_composition 129 / 512
seed0_l3_sae_k16_s1 test_unchanged_composition 161 / 512
seed0_l3_sae_k16_s1 test_unchanged_composition 193 / 512
seed0_l3_sae_k16_s1 test_unchanged_composition 225 / 512
seed0_l3_sae_k16_s1 test_unchanged_composition 257 / 512
seed0_l3_sae_k16_s1 test_unchanged_composition 289 / 512
seed0_l3_sae_k16_s1 test_unchanged_composition 321 / 512
seed0_l3_sae_k16_s1 test_unchanged_composition 353 / 512
seed0_l3_sae_k16_s1 test_unchanged_composition 385 / 512
seed0_l3_sae_k16_s1 test_unchanged_composition 417 / 512
seed0_l3_sae_k16_s1 test_unchanged_composition 449 / 512
seed0_l3_sae_k16_s1 test_unchanged_composition 481 / 512
completed stage patch seed0_l3_sae_k16_s1
seed0_l7_sae_k4_s1 replacement 16 / 2048
seed0_l7_sae_k4_s1 replacement 32 / 2048
seed0_l7_sae_k4_s1 replacement 48 / 2048
seed0_l7_sae_k4_s1 replacement 64 / 2048
seed0_l7_sae_k4_s1 replacement 80 / 2048
seed0_l7_sae_k4_s1 replacement 96 / 2048
seed0_l7_sae_k4_s1 replacement 112 / 2048
seed0_l7_sae_k4_s1 replacement 128 / 2048
seed0_l7_sae_k4_s1 replacement 144 / 2048
seed0_l7_sae_k4_s1 replacement 160 / 2048
seed0_l7_sae_k4_s1 replacement 176 / 2048
seed0_l7_sae_k4_s1 replacement 192 / 2048
seed0_l7_sae_k4_s1 replacement 208 / 2048
seed0_l7_sae_k4_s1 replacement 224 / 2048
seed0_l7_sae_k4_s1 replacement 240 / 2048
seed0_l7_sae_k4_s1 replacement 256 / 2048
seed0_l7_sae_k4_s1 replacement 272 / 2048
seed0_l7_sae_k4_s1 replacement 288 / 2048
seed0_l7_sae_k4_s1 replacement 304 / 2048
seed0_l7_sae_k4_s1 replacement 320 / 2048
seed0_l7_sae_k4_s1 replacement 336 / 2048
seed0_l7_sae_k4_s1 replacement 352 / 2048
seed0_l7_sae_k4_s1 replacement 368 / 2048
seed0_l7_sae_k4_s1 replacement 384 / 2048
seed0_l7_sae_k4_s1 replacement 400 / 2048
seed0_l7_sae_k4_s1 replacement 416 / 2048
seed0_l7_sae_k4_s1 replacement 432 / 2048
seed0_l7_sae_k4_s1 replacement 448 / 2048
seed0_l7_sae_k4_s1 replacement 464 / 2048
seed0_l7_sae_k4_s1 replacement 480 / 2048
seed0_l7_sae_k4_s1 replacement 496 / 2048
seed0_l7_sae_k4_s1 replacement 512 / 2048
seed0_l7_sae_k4_s1 replacement 528 / 2048
seed0_l7_sae_k4_s1 replacement 544 / 2048
seed0_l7_sae_k4_s1 replacement 560 / 2048
seed0_l7_sae_k4_s1 replacement 576 / 2048
seed0_l7_sae_k4_s1 replacement 592 / 2048
seed0_l7_sae_k4_s1 replacement 608 / 2048
seed0_l7_sae_k4_s1 replacement 624 / 2048
seed0_l7_sae_k4_s1 replacement 640 / 2048
seed0_l7_sae_k4_s1 replacement 656 / 2048
seed0_l7_sae_k4_s1 replacement 672 / 2048
seed0_l7_sae_k4_s1 replacement 688 / 2048
seed0_l7_sae_k4_s1 replacement 704 / 2048
seed0_l7_sae_k4_s1 replacement 720 / 2048
seed0_l7_sae_k4_s1 replacement 736 / 2048
seed0_l7_sae_k4_s1 replacement 752 / 2048
seed0_l7_sae_k4_s1 replacement 768 / 2048
seed0_l7_sae_k4_s1 replacement 784 / 2048
seed0_l7_sae_k4_s1 replacement 800 / 2048
seed0_l7_sae_k4_s1 replacement 816 / 2048
seed0_l7_sae_k4_s1 replacement 832 / 2048
seed0_l7_sae_k4_s1 replacement 848 / 2048
seed0_l7_sae_k4_s1 replacement 864 / 2048
seed0_l7_sae_k4_s1 replacement 880 / 2048
seed0_l7_sae_k4_s1 replacement 896 / 2048
seed0_l7_sae_k4_s1 replacement 912 / 2048
seed0_l7_sae_k4_s1 replacement 928 / 2048
seed0_l7_sae_k4_s1 replacement 944 / 2048
seed0_l7_sae_k4_s1 replacement 960 / 2048
seed0_l7_sae_k4_s1 replacement 976 / 2048
seed0_l7_sae_k4_s1 replacement 992 / 2048
seed0_l7_sae_k4_s1 replacement 1008 / 2048
seed0_l7_sae_k4_s1 replacement 1024 / 2048
seed0_l7_sae_k4_s1 replacement 1040 / 2048
seed0_l7_sae_k4_s1 replacement 1056 / 2048
seed0_l7_sae_k4_s1 replacement 1072 / 2048
seed0_l7_sae_k4_s1 replacement 1088 / 2048
seed0_l7_sae_k4_s1 replacement 1104 / 2048
seed0_l7_sae_k4_s1 replacement 1120 / 2048
seed0_l7_sae_k4_s1 replacement 1136 / 2048
seed0_l7_sae_k4_s1 replacement 1152 / 2048
seed0_l7_sae_k4_s1 replacement 1168 / 2048
seed0_l7_sae_k4_s1 replacement 1184 / 2048
seed0_l7_sae_k4_s1 replacement 1200 / 2048
seed0_l7_sae_k4_s1 replacement 1216 / 2048
seed0_l7_sae_k4_s1 replacement 1232 / 2048
seed0_l7_sae_k4_s1 replacement 1248 / 2048
seed0_l7_sae_k4_s1 replacement 1264 / 2048
seed0_l7_sae_k4_s1 replacement 1280 / 2048
seed0_l7_sae_k4_s1 replacement 1296 / 2048
seed0_l7_sae_k4_s1 replacement 1312 / 2048
seed0_l7_sae_k4_s1 replacement 1328 / 2048
seed0_l7_sae_k4_s1 replacement 1344 / 2048
seed0_l7_sae_k4_s1 replacement 1360 / 2048
seed0_l7_sae_k4_s1 replacement 1376 / 2048
seed0_l7_sae_k4_s1 replacement 1392 / 2048
seed0_l7_sae_k4_s1 replacement 1408 / 2048
seed0_l7_sae_k4_s1 replacement 1424 / 2048
seed0_l7_sae_k4_s1 replacement 1440 / 2048
seed0_l7_sae_k4_s1 replacement 1456 / 2048
seed0_l7_sae_k4_s1 replacement 1472 / 2048
seed0_l7_sae_k4_s1 replacement 1488 / 2048
seed0_l7_sae_k4_s1 replacement 1504 / 2048
seed0_l7_sae_k4_s1 replacement 1520 / 2048
seed0_l7_sae_k4_s1 replacement 1536 / 2048
seed0_l7_sae_k4_s1 replacement 1552 / 2048
seed0_l7_sae_k4_s1 replacement 1568 / 2048
seed0_l7_sae_k4_s1 replacement 1584 / 2048
seed0_l7_sae_k4_s1 replacement 1600 / 2048
seed0_l7_sae_k4_s1 replacement 1616 / 2048
seed0_l7_sae_k4_s1 replacement 1632 / 2048
seed0_l7_sae_k4_s1 replacement 1648 / 2048
seed0_l7_sae_k4_s1 replacement 1664 / 2048
seed0_l7_sae_k4_s1 replacement 1680 / 2048
seed0_l7_sae_k4_s1 replacement 1696 / 2048
seed0_l7_sae_k4_s1 replacement 1712 / 2048
seed0_l7_sae_k4_s1 replacement 1728 / 2048
seed0_l7_sae_k4_s1 replacement 1744 / 2048
seed0_l7_sae_k4_s1 replacement 1760 / 2048
seed0_l7_sae_k4_s1 replacement 1776 / 2048
seed0_l7_sae_k4_s1 replacement 1792 / 2048
seed0_l7_sae_k4_s1 replacement 1808 / 2048
seed0_l7_sae_k4_s1 replacement 1824 / 2048
seed0_l7_sae_k4_s1 replacement 1840 / 2048
seed0_l7_sae_k4_s1 replacement 1856 / 2048
seed0_l7_sae_k4_s1 replacement 1872 / 2048
seed0_l7_sae_k4_s1 replacement 1888 / 2048
seed0_l7_sae_k4_s1 replacement 1904 / 2048
seed0_l7_sae_k4_s1 replacement 1920 / 2048
seed0_l7_sae_k4_s1 replacement 1936 / 2048
seed0_l7_sae_k4_s1 replacement 1952 / 2048
seed0_l7_sae_k4_s1 replacement 1968 / 2048
seed0_l7_sae_k4_s1 replacement 1984 / 2048
seed0_l7_sae_k4_s1 replacement 2000 / 2048
seed0_l7_sae_k4_s1 replacement 2016 / 2048
seed0_l7_sae_k4_s1 replacement 2032 / 2048
seed0_l7_sae_k4_s1 replacement 2048 / 2048
seed0_l7_sae_k4_s1 test_changed_memory 1 / 512
seed0_l7_sae_k4_s1 test_changed_memory 33 / 512
seed0_l7_sae_k4_s1 test_changed_memory 65 / 512
seed0_l7_sae_k4_s1 test_changed_memory 97 / 512
seed0_l7_sae_k4_s1 test_changed_memory 129 / 512
seed0_l7_sae_k4_s1 test_changed_memory 161 / 512
seed0_l7_sae_k4_s1 test_changed_memory 193 / 512
seed0_l7_sae_k4_s1 test_changed_memory 225 / 512
seed0_l7_sae_k4_s1 test_changed_memory 257 / 512
seed0_l7_sae_k4_s1 test_changed_memory 289 / 512
seed0_l7_sae_k4_s1 test_changed_memory 321 / 512
seed0_l7_sae_k4_s1 test_changed_memory 353 / 512
seed0_l7_sae_k4_s1 test_changed_memory 385 / 512
seed0_l7_sae_k4_s1 test_changed_memory 417 / 512
seed0_l7_sae_k4_s1 test_changed_memory 449 / 512
seed0_l7_sae_k4_s1 test_changed_memory 481 / 512
seed0_l7_sae_k4_s1 test_changed_composition 1 / 512
seed0_l7_sae_k4_s1 test_changed_composition 33 / 512
seed0_l7_sae_k4_s1 test_changed_composition 65 / 512
seed0_l7_sae_k4_s1 test_changed_composition 97 / 512
seed0_l7_sae_k4_s1 test_changed_composition 129 / 512
seed0_l7_sae_k4_s1 test_changed_composition 161 / 512
seed0_l7_sae_k4_s1 test_changed_composition 193 / 512
seed0_l7_sae_k4_s1 test_changed_composition 225 / 512
seed0_l7_sae_k4_s1 test_changed_composition 257 / 512
seed0_l7_sae_k4_s1 test_changed_composition 289 / 512
seed0_l7_sae_k4_s1 test_changed_composition 321 / 512
seed0_l7_sae_k4_s1 test_changed_composition 353 / 512
seed0_l7_sae_k4_s1 test_changed_composition 385 / 512
seed0_l7_sae_k4_s1 test_changed_composition 417 / 512
seed0_l7_sae_k4_s1 test_changed_composition 449 / 512
seed0_l7_sae_k4_s1 test_changed_composition 481 / 512
seed0_l7_sae_k4_s1 test_unchanged_memory 1 / 512
seed0_l7_sae_k4_s1 test_unchanged_memory 33 / 512
seed0_l7_sae_k4_s1 test_unchanged_memory 65 / 512
seed0_l7_sae_k4_s1 test_unchanged_memory 97 / 512
seed0_l7_sae_k4_s1 test_unchanged_memory 129 / 512
seed0_l7_sae_k4_s1 test_unchanged_memory 161 / 512
seed0_l7_sae_k4_s1 test_unchanged_memory 193 / 512
seed0_l7_sae_k4_s1 test_unchanged_memory 225 / 512
seed0_l7_sae_k4_s1 test_unchanged_memory 257 / 512
seed0_l7_sae_k4_s1 test_unchanged_memory 289 / 512
seed0_l7_sae_k4_s1 test_unchanged_memory 321 / 512
seed0_l7_sae_k4_s1 test_unchanged_memory 353 / 512
seed0_l7_sae_k4_s1 test_unchanged_memory 385 / 512
seed0_l7_sae_k4_s1 test_unchanged_memory 417 / 512
seed0_l7_sae_k4_s1 test_unchanged_memory 449 / 512
seed0_l7_sae_k4_s1 test_unchanged_memory 481 / 512
seed0_l7_sae_k4_s1 test_unchanged_composition 1 / 512
seed0_l7_sae_k4_s1 test_unchanged_composition 33 / 512
seed0_l7_sae_k4_s1 test_unchanged_composition 65 / 512
seed0_l7_sae_k4_s1 test_unchanged_composition 97 / 512
seed0_l7_sae_k4_s1 test_unchanged_composition 129 / 512
seed0_l7_sae_k4_s1 test_unchanged_composition 161 / 512
seed0_l7_sae_k4_s1 test_unchanged_composition 193 / 512
seed0_l7_sae_k4_s1 test_unchanged_composition 225 / 512
seed0_l7_sae_k4_s1 test_unchanged_composition 257 / 512
seed0_l7_sae_k4_s1 test_unchanged_composition 289 / 512
seed0_l7_sae_k4_s1 test_unchanged_composition 321 / 512
seed0_l7_sae_k4_s1 test_unchanged_composition 353 / 512
seed0_l7_sae_k4_s1 test_unchanged_composition 385 / 512
seed0_l7_sae_k4_s1 test_unchanged_composition 417 / 512
seed0_l7_sae_k4_s1 test_unchanged_composition 449 / 512
seed0_l7_sae_k4_s1 test_unchanged_composition 481 / 512
completed stage patch seed0_l7_sae_k4_s1
seed0_l7_sae_k16_s1 replacement 16 / 2048
seed0_l7_sae_k16_s1 replacement 32 / 2048
seed0_l7_sae_k16_s1 replacement 48 / 2048
seed0_l7_sae_k16_s1 replacement 64 / 2048
seed0_l7_sae_k16_s1 replacement 80 / 2048
seed0_l7_sae_k16_s1 replacement 96 / 2048
seed0_l7_sae_k16_s1 replacement 112 / 2048
seed0_l7_sae_k16_s1 replacement 128 / 2048
seed0_l7_sae_k16_s1 replacement 144 / 2048
seed0_l7_sae_k16_s1 replacement 160 / 2048
seed0_l7_sae_k16_s1 replacement 176 / 2048
seed0_l7_sae_k16_s1 replacement 192 / 2048
seed0_l7_sae_k16_s1 replacement 208 / 2048
seed0_l7_sae_k16_s1 replacement 224 / 2048
seed0_l7_sae_k16_s1 replacement 240 / 2048
seed0_l7_sae_k16_s1 replacement 256 / 2048
seed0_l7_sae_k16_s1 replacement 272 / 2048
seed0_l7_sae_k16_s1 replacement 288 / 2048
seed0_l7_sae_k16_s1 replacement 304 / 2048
seed0_l7_sae_k16_s1 replacement 320 / 2048
seed0_l7_sae_k16_s1 replacement 336 / 2048
seed0_l7_sae_k16_s1 replacement 352 / 2048
seed0_l7_sae_k16_s1 replacement 368 / 2048
seed0_l7_sae_k16_s1 replacement 384 / 2048
seed0_l7_sae_k16_s1 replacement 400 / 2048
seed0_l7_sae_k16_s1 replacement 416 / 2048
seed0_l7_sae_k16_s1 replacement 432 / 2048
seed0_l7_sae_k16_s1 replacement 448 / 2048
seed0_l7_sae_k16_s1 replacement 464 / 2048
seed0_l7_sae_k16_s1 replacement 480 / 2048
seed0_l7_sae_k16_s1 replacement 496 / 2048
seed0_l7_sae_k16_s1 replacement 512 / 2048
seed0_l7_sae_k16_s1 replacement 528 / 2048
seed0_l7_sae_k16_s1 replacement 544 / 2048
seed0_l7_sae_k16_s1 replacement 560 / 2048
seed0_l7_sae_k16_s1 replacement 576 / 2048
seed0_l7_sae_k16_s1 replacement 592 / 2048
seed0_l7_sae_k16_s1 replacement 608 / 2048
seed0_l7_sae_k16_s1 replacement 624 / 2048
seed0_l7_sae_k16_s1 replacement 640 / 2048
seed0_l7_sae_k16_s1 replacement 656 / 2048
seed0_l7_sae_k16_s1 replacement 672 / 2048
seed0_l7_sae_k16_s1 replacement 688 / 2048
seed0_l7_sae_k16_s1 replacement 704 / 2048
seed0_l7_sae_k16_s1 replacement 720 / 2048
seed0_l7_sae_k16_s1 replacement 736 / 2048
seed0_l7_sae_k16_s1 replacement 752 / 2048
seed0_l7_sae_k16_s1 replacement 768 / 2048
seed0_l7_sae_k16_s1 replacement 784 / 2048
seed0_l7_sae_k16_s1 replacement 800 / 2048
seed0_l7_sae_k16_s1 replacement 816 / 2048
seed0_l7_sae_k16_s1 replacement 832 / 2048
seed0_l7_sae_k16_s1 replacement 848 / 2048
seed0_l7_sae_k16_s1 replacement 864 / 2048
seed0_l7_sae_k16_s1 replacement 880 / 2048
seed0_l7_sae_k16_s1 replacement 896 / 2048
seed0_l7_sae_k16_s1 replacement 912 / 2048
seed0_l7_sae_k16_s1 replacement 928 / 2048
seed0_l7_sae_k16_s1 replacement 944 / 2048
seed0_l7_sae_k16_s1 replacement 960 / 2048
seed0_l7_sae_k16_s1 replacement 976 / 2048
seed0_l7_sae_k16_s1 replacement 992 / 2048
seed0_l7_sae_k16_s1 replacement 1008 / 2048
seed0_l7_sae_k16_s1 replacement 1024 / 2048
seed0_l7_sae_k16_s1 replacement 1040 / 2048
seed0_l7_sae_k16_s1 replacement 1056 / 2048
seed0_l7_sae_k16_s1 replacement 1072 / 2048
seed0_l7_sae_k16_s1 replacement 1088 / 2048
seed0_l7_sae_k16_s1 replacement 1104 / 2048
seed0_l7_sae_k16_s1 replacement 1120 / 2048
seed0_l7_sae_k16_s1 replacement 1136 / 2048
seed0_l7_sae_k16_s1 replacement 1152 / 2048
seed0_l7_sae_k16_s1 replacement 1168 / 2048
seed0_l7_sae_k16_s1 replacement 1184 / 2048
seed0_l7_sae_k16_s1 replacement 1200 / 2048
seed0_l7_sae_k16_s1 replacement 1216 / 2048
seed0_l7_sae_k16_s1 replacement 1232 / 2048
seed0_l7_sae_k16_s1 replacement 1248 / 2048
seed0_l7_sae_k16_s1 replacement 1264 / 2048
seed0_l7_sae_k16_s1 replacement 1280 / 2048
seed0_l7_sae_k16_s1 replacement 1296 / 2048
seed0_l7_sae_k16_s1 replacement 1312 / 2048
seed0_l7_sae_k16_s1 replacement 1328 / 2048
seed0_l7_sae_k16_s1 replacement 1344 / 2048
seed0_l7_sae_k16_s1 replacement 1360 / 2048
seed0_l7_sae_k16_s1 replacement 1376 / 2048
seed0_l7_sae_k16_s1 replacement 1392 / 2048
seed0_l7_sae_k16_s1 replacement 1408 / 2048
seed0_l7_sae_k16_s1 replacement 1424 / 2048
seed0_l7_sae_k16_s1 replacement 1440 / 2048
seed0_l7_sae_k16_s1 replacement 1456 / 2048
seed0_l7_sae_k16_s1 replacement 1472 / 2048
seed0_l7_sae_k16_s1 replacement 1488 / 2048
seed0_l7_sae_k16_s1 replacement 1504 / 2048
seed0_l7_sae_k16_s1 replacement 1520 / 2048
seed0_l7_sae_k16_s1 replacement 1536 / 2048
seed0_l7_sae_k16_s1 replacement 1552 / 2048
seed0_l7_sae_k16_s1 replacement 1568 / 2048
seed0_l7_sae_k16_s1 replacement 1584 / 2048
seed0_l7_sae_k16_s1 replacement 1600 / 2048
seed0_l7_sae_k16_s1 replacement 1616 / 2048
seed0_l7_sae_k16_s1 replacement 1632 / 2048
seed0_l7_sae_k16_s1 replacement 1648 / 2048
seed0_l7_sae_k16_s1 replacement 1664 / 2048
seed0_l7_sae_k16_s1 replacement 1680 / 2048
seed0_l7_sae_k16_s1 replacement 1696 / 2048
seed0_l7_sae_k16_s1 replacement 1712 / 2048
seed0_l7_sae_k16_s1 replacement 1728 / 2048
seed0_l7_sae_k16_s1 replacement 1744 / 2048
seed0_l7_sae_k16_s1 replacement 1760 / 2048
seed0_l7_sae_k16_s1 replacement 1776 / 2048
seed0_l7_sae_k16_s1 replacement 1792 / 2048
seed0_l7_sae_k16_s1 replacement 1808 / 2048
seed0_l7_sae_k16_s1 replacement 1824 / 2048
seed0_l7_sae_k16_s1 replacement 1840 / 2048
seed0_l7_sae_k16_s1 replacement 1856 / 2048
seed0_l7_sae_k16_s1 replacement 1872 / 2048
seed0_l7_sae_k16_s1 replacement 1888 / 2048
seed0_l7_sae_k16_s1 replacement 1904 / 2048
seed0_l7_sae_k16_s1 replacement 1920 / 2048
seed0_l7_sae_k16_s1 replacement 1936 / 2048
seed0_l7_sae_k16_s1 replacement 1952 / 2048
seed0_l7_sae_k16_s1 replacement 1968 / 2048
seed0_l7_sae_k16_s1 replacement 1984 / 2048
seed0_l7_sae_k16_s1 replacement 2000 / 2048
seed0_l7_sae_k16_s1 replacement 2016 / 2048
seed0_l7_sae_k16_s1 replacement 2032 / 2048
seed0_l7_sae_k16_s1 replacement 2048 / 2048
seed0_l7_sae_k16_s1 test_changed_memory 1 / 512
seed0_l7_sae_k16_s1 test_changed_memory 33 / 512
seed0_l7_sae_k16_s1 test_changed_memory 65 / 512
seed0_l7_sae_k16_s1 test_changed_memory 97 / 512
seed0_l7_sae_k16_s1 test_changed_memory 129 / 512
seed0_l7_sae_k16_s1 test_changed_memory 161 / 512
seed0_l7_sae_k16_s1 test_changed_memory 193 / 512
seed0_l7_sae_k16_s1 test_changed_memory 225 / 512
seed0_l7_sae_k16_s1 test_changed_memory 257 / 512
seed0_l7_sae_k16_s1 test_changed_memory 289 / 512
seed0_l7_sae_k16_s1 test_changed_memory 321 / 512
seed0_l7_sae_k16_s1 test_changed_memory 353 / 512
seed0_l7_sae_k16_s1 test_changed_memory 385 / 512
seed0_l7_sae_k16_s1 test_changed_memory 417 / 512
seed0_l7_sae_k16_s1 test_changed_memory 449 / 512
seed0_l7_sae_k16_s1 test_changed_memory 481 / 512
seed0_l7_sae_k16_s1 test_changed_composition 1 / 512
seed0_l7_sae_k16_s1 test_changed_composition 33 / 512
seed0_l7_sae_k16_s1 test_changed_composition 65 / 512
seed0_l7_sae_k16_s1 test_changed_composition 97 / 512
seed0_l7_sae_k16_s1 test_changed_composition 129 / 512
seed0_l7_sae_k16_s1 test_changed_composition 161 / 512
seed0_l7_sae_k16_s1 test_changed_composition 193 / 512
seed0_l7_sae_k16_s1 test_changed_composition 225 / 512
seed0_l7_sae_k16_s1 test_changed_composition 257 / 512
seed0_l7_sae_k16_s1 test_changed_composition 289 / 512
seed0_l7_sae_k16_s1 test_changed_composition 321 / 512
seed0_l7_sae_k16_s1 test_changed_composition 353 / 512
seed0_l7_sae_k16_s1 test_changed_composition 385 / 512
seed0_l7_sae_k16_s1 test_changed_composition 417 / 512
seed0_l7_sae_k16_s1 test_changed_composition 449 / 512
seed0_l7_sae_k16_s1 test_changed_composition 481 / 512
seed0_l7_sae_k16_s1 test_unchanged_memory 1 / 512
seed0_l7_sae_k16_s1 test_unchanged_memory 33 / 512
seed0_l7_sae_k16_s1 test_unchanged_memory 65 / 512
seed0_l7_sae_k16_s1 test_unchanged_memory 97 / 512
seed0_l7_sae_k16_s1 test_unchanged_memory 129 / 512
seed0_l7_sae_k16_s1 test_unchanged_memory 161 / 512
seed0_l7_sae_k16_s1 test_unchanged_memory 193 / 512
seed0_l7_sae_k16_s1 test_unchanged_memory 225 / 512
seed0_l7_sae_k16_s1 test_unchanged_memory 257 / 512
seed0_l7_sae_k16_s1 test_unchanged_memory 289 / 512
seed0_l7_sae_k16_s1 test_unchanged_memory 321 / 512
seed0_l7_sae_k16_s1 test_unchanged_memory 353 / 512
seed0_l7_sae_k16_s1 test_unchanged_memory 385 / 512
seed0_l7_sae_k16_s1 test_unchanged_memory 417 / 512
seed0_l7_sae_k16_s1 test_unchanged_memory 449 / 512
seed0_l7_sae_k16_s1 test_unchanged_memory 481 / 512
seed0_l7_sae_k16_s1 test_unchanged_composition 1 / 512
seed0_l7_sae_k16_s1 test_unchanged_composition 33 / 512
seed0_l7_sae_k16_s1 test_unchanged_composition 65 / 512
seed0_l7_sae_k16_s1 test_unchanged_composition 97 / 512
seed0_l7_sae_k16_s1 test_unchanged_composition 129 / 512
seed0_l7_sae_k16_s1 test_unchanged_composition 161 / 512
seed0_l7_sae_k16_s1 test_unchanged_composition 193 / 512
seed0_l7_sae_k16_s1 test_unchanged_composition 225 / 512
seed0_l7_sae_k16_s1 test_unchanged_composition 257 / 512
seed0_l7_sae_k16_s1 test_unchanged_composition 289 / 512
seed0_l7_sae_k16_s1 test_unchanged_composition 321 / 512
seed0_l7_sae_k16_s1 test_unchanged_composition 353 / 512
seed0_l7_sae_k16_s1 test_unchanged_composition 385 / 512
seed0_l7_sae_k16_s1 test_unchanged_composition 417 / 512
seed0_l7_sae_k16_s1 test_unchanged_composition 449 / 512
seed0_l7_sae_k16_s1 test_unchanged_composition 481 / 512
completed stage patch seed0_l7_sae_k16_s1
seed0_l11_sae_k4_s1 replacement 16 / 2048
seed0_l11_sae_k4_s1 replacement 32 / 2048
seed0_l11_sae_k4_s1 replacement 48 / 2048
seed0_l11_sae_k4_s1 replacement 64 / 2048
seed0_l11_sae_k4_s1 replacement 80 / 2048
seed0_l11_sae_k4_s1 replacement 96 / 2048
seed0_l11_sae_k4_s1 replacement 112 / 2048
seed0_l11_sae_k4_s1 replacement 128 / 2048
seed0_l11_sae_k4_s1 replacement 144 / 2048
seed0_l11_sae_k4_s1 replacement 160 / 2048
seed0_l11_sae_k4_s1 replacement 176 / 2048
seed0_l11_sae_k4_s1 replacement 192 / 2048
seed0_l11_sae_k4_s1 replacement 208 / 2048
seed0_l11_sae_k4_s1 replacement 224 / 2048
seed0_l11_sae_k4_s1 replacement 240 / 2048
seed0_l11_sae_k4_s1 replacement 256 / 2048
seed0_l11_sae_k4_s1 replacement 272 / 2048
seed0_l11_sae_k4_s1 replacement 288 / 2048
seed0_l11_sae_k4_s1 replacement 304 / 2048
seed0_l11_sae_k4_s1 replacement 320 / 2048
seed0_l11_sae_k4_s1 replacement 336 / 2048
seed0_l11_sae_k4_s1 replacement 352 / 2048
seed0_l11_sae_k4_s1 replacement 368 / 2048
seed0_l11_sae_k4_s1 replacement 384 / 2048
seed0_l11_sae_k4_s1 replacement 400 / 2048
seed0_l11_sae_k4_s1 replacement 416 / 2048
seed0_l11_sae_k4_s1 replacement 432 / 2048
seed0_l11_sae_k4_s1 replacement 448 / 2048
seed0_l11_sae_k4_s1 replacement 464 / 2048
seed0_l11_sae_k4_s1 replacement 480 / 2048
seed0_l11_sae_k4_s1 replacement 496 / 2048
seed0_l11_sae_k4_s1 replacement 512 / 2048
seed0_l11_sae_k4_s1 replacement 528 / 2048
seed0_l11_sae_k4_s1 replacement 544 / 2048
seed0_l11_sae_k4_s1 replacement 560 / 2048
seed0_l11_sae_k4_s1 replacement 576 / 2048
seed0_l11_sae_k4_s1 replacement 592 / 2048
seed0_l11_sae_k4_s1 replacement 608 / 2048
seed0_l11_sae_k4_s1 replacement 624 / 2048
seed0_l11_sae_k4_s1 replacement 640 / 2048
seed0_l11_sae_k4_s1 replacement 656 / 2048
seed0_l11_sae_k4_s1 replacement 672 / 2048
seed0_l11_sae_k4_s1 replacement 688 / 2048
seed0_l11_sae_k4_s1 replacement 704 / 2048
seed0_l11_sae_k4_s1 replacement 720 / 2048
seed0_l11_sae_k4_s1 replacement 736 / 2048
seed0_l11_sae_k4_s1 replacement 752 / 2048
seed0_l11_sae_k4_s1 replacement 768 / 2048
seed0_l11_sae_k4_s1 replacement 784 / 2048
seed0_l11_sae_k4_s1 replacement 800 / 2048
seed0_l11_sae_k4_s1 replacement 816 / 2048
seed0_l11_sae_k4_s1 replacement 832 / 2048
seed0_l11_sae_k4_s1 replacement 848 / 2048
seed0_l11_sae_k4_s1 replacement 864 / 2048
seed0_l11_sae_k4_s1 replacement 880 / 2048
seed0_l11_sae_k4_s1 replacement 896 / 2048
seed0_l11_sae_k4_s1 replacement 912 / 2048
seed0_l11_sae_k4_s1 replacement 928 / 2048
seed0_l11_sae_k4_s1 replacement 944 / 2048
seed0_l11_sae_k4_s1 replacement 960 / 2048
seed0_l11_sae_k4_s1 replacement 976 / 2048
seed0_l11_sae_k4_s1 replacement 992 / 2048
seed0_l11_sae_k4_s1 replacement 1008 / 2048
seed0_l11_sae_k4_s1 replacement 1024 / 2048
seed0_l11_sae_k4_s1 replacement 1040 / 2048
seed0_l11_sae_k4_s1 replacement 1056 / 2048
seed0_l11_sae_k4_s1 replacement 1072 / 2048
seed0_l11_sae_k4_s1 replacement 1088 / 2048
seed0_l11_sae_k4_s1 replacement 1104 / 2048
seed0_l11_sae_k4_s1 replacement 1120 / 2048
seed0_l11_sae_k4_s1 replacement 1136 / 2048
seed0_l11_sae_k4_s1 replacement 1152 / 2048
seed0_l11_sae_k4_s1 replacement 1168 / 2048
seed0_l11_sae_k4_s1 replacement 1184 / 2048
seed0_l11_sae_k4_s1 replacement 1200 / 2048
seed0_l11_sae_k4_s1 replacement 1216 / 2048
seed0_l11_sae_k4_s1 replacement 1232 / 2048
seed0_l11_sae_k4_s1 replacement 1248 / 2048
seed0_l11_sae_k4_s1 replacement 1264 / 2048
seed0_l11_sae_k4_s1 replacement 1280 / 2048
seed0_l11_sae_k4_s1 replacement 1296 / 2048
seed0_l11_sae_k4_s1 replacement 1312 / 2048
seed0_l11_sae_k4_s1 replacement 1328 / 2048
seed0_l11_sae_k4_s1 replacement 1344 / 2048
seed0_l11_sae_k4_s1 replacement 1360 / 2048
seed0_l11_sae_k4_s1 replacement 1376 / 2048
seed0_l11_sae_k4_s1 replacement 1392 / 2048
seed0_l11_sae_k4_s1 replacement 1408 / 2048
seed0_l11_sae_k4_s1 replacement 1424 / 2048
seed0_l11_sae_k4_s1 replacement 1440 / 2048
seed0_l11_sae_k4_s1 replacement 1456 / 2048
seed0_l11_sae_k4_s1 replacement 1472 / 2048
seed0_l11_sae_k4_s1 replacement 1488 / 2048
seed0_l11_sae_k4_s1 replacement 1504 / 2048
seed0_l11_sae_k4_s1 replacement 1520 / 2048
seed0_l11_sae_k4_s1 replacement 1536 / 2048
seed0_l11_sae_k4_s1 replacement 1552 / 2048
seed0_l11_sae_k4_s1 replacement 1568 / 2048
seed0_l11_sae_k4_s1 replacement 1584 / 2048
seed0_l11_sae_k4_s1 replacement 1600 / 2048
seed0_l11_sae_k4_s1 replacement 1616 / 2048
seed0_l11_sae_k4_s1 replacement 1632 / 2048
seed0_l11_sae_k4_s1 replacement 1648 / 2048
seed0_l11_sae_k4_s1 replacement 1664 / 2048
seed0_l11_sae_k4_s1 replacement 1680 / 2048
seed0_l11_sae_k4_s1 replacement 1696 / 2048
seed0_l11_sae_k4_s1 replacement 1712 / 2048
seed0_l11_sae_k4_s1 replacement 1728 / 2048
seed0_l11_sae_k4_s1 replacement 1744 / 2048
seed0_l11_sae_k4_s1 replacement 1760 / 2048
seed0_l11_sae_k4_s1 replacement 1776 / 2048
seed0_l11_sae_k4_s1 replacement 1792 / 2048
seed0_l11_sae_k4_s1 replacement 1808 / 2048
seed0_l11_sae_k4_s1 replacement 1824 / 2048
seed0_l11_sae_k4_s1 replacement 1840 / 2048
seed0_l11_sae_k4_s1 replacement 1856 / 2048
seed0_l11_sae_k4_s1 replacement 1872 / 2048
seed0_l11_sae_k4_s1 replacement 1888 / 2048
seed0_l11_sae_k4_s1 replacement 1904 / 2048
seed0_l11_sae_k4_s1 replacement 1920 / 2048
seed0_l11_sae_k4_s1 replacement 1936 / 2048
seed0_l11_sae_k4_s1 replacement 1952 / 2048
seed0_l11_sae_k4_s1 replacement 1968 / 2048
seed0_l11_sae_k4_s1 replacement 1984 / 2048
seed0_l11_sae_k4_s1 replacement 2000 / 2048
seed0_l11_sae_k4_s1 replacement 2016 / 2048
seed0_l11_sae_k4_s1 replacement 2032 / 2048
seed0_l11_sae_k4_s1 replacement 2048 / 2048
seed0_l11_sae_k4_s1 test_changed_memory 1 / 512
seed0_l11_sae_k4_s1 test_changed_memory 33 / 512
seed0_l11_sae_k4_s1 test_changed_memory 65 / 512
seed0_l11_sae_k4_s1 test_changed_memory 97 / 512
seed0_l11_sae_k4_s1 test_changed_memory 129 / 512
seed0_l11_sae_k4_s1 test_changed_memory 161 / 512
seed0_l11_sae_k4_s1 test_changed_memory 193 / 512
seed0_l11_sae_k4_s1 test_changed_memory 225 / 512
seed0_l11_sae_k4_s1 test_changed_memory 257 / 512
seed0_l11_sae_k4_s1 test_changed_memory 289 / 512
seed0_l11_sae_k4_s1 test_changed_memory 321 / 512
seed0_l11_sae_k4_s1 test_changed_memory 353 / 512
seed0_l11_sae_k4_s1 test_changed_memory 385 / 512
seed0_l11_sae_k4_s1 test_changed_memory 417 / 512
seed0_l11_sae_k4_s1 test_changed_memory 449 / 512
seed0_l11_sae_k4_s1 test_changed_memory 481 / 512
seed0_l11_sae_k4_s1 test_changed_composition 1 / 512
seed0_l11_sae_k4_s1 test_changed_composition 33 / 512
seed0_l11_sae_k4_s1 test_changed_composition 65 / 512
seed0_l11_sae_k4_s1 test_changed_composition 97 / 512
seed0_l11_sae_k4_s1 test_changed_composition 129 / 512
seed0_l11_sae_k4_s1 test_changed_composition 161 / 512
seed0_l11_sae_k4_s1 test_changed_composition 193 / 512
seed0_l11_sae_k4_s1 test_changed_composition 225 / 512
seed0_l11_sae_k4_s1 test_changed_composition 257 / 512
seed0_l11_sae_k4_s1 test_changed_composition 289 / 512
seed0_l11_sae_k4_s1 test_changed_composition 321 / 512
seed0_l11_sae_k4_s1 test_changed_composition 353 / 512
seed0_l11_sae_k4_s1 test_changed_composition 385 / 512
seed0_l11_sae_k4_s1 test_changed_composition 417 / 512
seed0_l11_sae_k4_s1 test_changed_composition 449 / 512
seed0_l11_sae_k4_s1 test_changed_composition 481 / 512
seed0_l11_sae_k4_s1 test_unchanged_memory 1 / 512
seed0_l11_sae_k4_s1 test_unchanged_memory 33 / 512
seed0_l11_sae_k4_s1 test_unchanged_memory 65 / 512
seed0_l11_sae_k4_s1 test_unchanged_memory 97 / 512
seed0_l11_sae_k4_s1 test_unchanged_memory 129 / 512
seed0_l11_sae_k4_s1 test_unchanged_memory 161 / 512
seed0_l11_sae_k4_s1 test_unchanged_memory 193 / 512
seed0_l11_sae_k4_s1 test_unchanged_memory 225 / 512
seed0_l11_sae_k4_s1 test_unchanged_memory 257 / 512
seed0_l11_sae_k4_s1 test_unchanged_memory 289 / 512
seed0_l11_sae_k4_s1 test_unchanged_memory 321 / 512
seed0_l11_sae_k4_s1 test_unchanged_memory 353 / 512
seed0_l11_sae_k4_s1 test_unchanged_memory 385 / 512
seed0_l11_sae_k4_s1 test_unchanged_memory 417 / 512
seed0_l11_sae_k4_s1 test_unchanged_memory 449 / 512
seed0_l11_sae_k4_s1 test_unchanged_memory 481 / 512
seed0_l11_sae_k4_s1 test_unchanged_composition 1 / 512
seed0_l11_sae_k4_s1 test_unchanged_composition 33 / 512
seed0_l11_sae_k4_s1 test_unchanged_composition 65 / 512
seed0_l11_sae_k4_s1 test_unchanged_composition 97 / 512
seed0_l11_sae_k4_s1 test_unchanged_composition 129 / 512
seed0_l11_sae_k4_s1 test_unchanged_composition 161 / 512
seed0_l11_sae_k4_s1 test_unchanged_composition 193 / 512
seed0_l11_sae_k4_s1 test_unchanged_composition 225 / 512
seed0_l11_sae_k4_s1 test_unchanged_composition 257 / 512
seed0_l11_sae_k4_s1 test_unchanged_composition 289 / 512
seed0_l11_sae_k4_s1 test_unchanged_composition 321 / 512
seed0_l11_sae_k4_s1 test_unchanged_composition 353 / 512
seed0_l11_sae_k4_s1 test_unchanged_composition 385 / 512
seed0_l11_sae_k4_s1 test_unchanged_composition 417 / 512
seed0_l11_sae_k4_s1 test_unchanged_composition 449 / 512
seed0_l11_sae_k4_s1 test_unchanged_composition 481 / 512
completed stage patch seed0_l11_sae_k4_s1
seed0_l11_sae_k16_s1 replacement 16 / 2048
seed0_l11_sae_k16_s1 replacement 32 / 2048
seed0_l11_sae_k16_s1 replacement 48 / 2048
seed0_l11_sae_k16_s1 replacement 64 / 2048
seed0_l11_sae_k16_s1 replacement 80 / 2048
seed0_l11_sae_k16_s1 replacement 96 / 2048
seed0_l11_sae_k16_s1 replacement 112 / 2048
seed0_l11_sae_k16_s1 replacement 128 / 2048
seed0_l11_sae_k16_s1 replacement 144 / 2048
seed0_l11_sae_k16_s1 replacement 160 / 2048
seed0_l11_sae_k16_s1 replacement 176 / 2048
seed0_l11_sae_k16_s1 replacement 192 / 2048
seed0_l11_sae_k16_s1 replacement 208 / 2048
seed0_l11_sae_k16_s1 replacement 224 / 2048
seed0_l11_sae_k16_s1 replacement 240 / 2048
seed0_l11_sae_k16_s1 replacement 256 / 2048
seed0_l11_sae_k16_s1 replacement 272 / 2048
seed0_l11_sae_k16_s1 replacement 288 / 2048
seed0_l11_sae_k16_s1 replacement 304 / 2048
seed0_l11_sae_k16_s1 replacement 320 / 2048
seed0_l11_sae_k16_s1 replacement 336 / 2048
seed0_l11_sae_k16_s1 replacement 352 / 2048
seed0_l11_sae_k16_s1 replacement 368 / 2048
seed0_l11_sae_k16_s1 replacement 384 / 2048
seed0_l11_sae_k16_s1 replacement 400 / 2048
seed0_l11_sae_k16_s1 replacement 416 / 2048
seed0_l11_sae_k16_s1 replacement 432 / 2048
seed0_l11_sae_k16_s1 replacement 448 / 2048
seed0_l11_sae_k16_s1 replacement 464 / 2048
seed0_l11_sae_k16_s1 replacement 480 / 2048
seed0_l11_sae_k16_s1 replacement 496 / 2048
seed0_l11_sae_k16_s1 replacement 512 / 2048
seed0_l11_sae_k16_s1 replacement 528 / 2048
seed0_l11_sae_k16_s1 replacement 544 / 2048
seed0_l11_sae_k16_s1 replacement 560 / 2048
seed0_l11_sae_k16_s1 replacement 576 / 2048
seed0_l11_sae_k16_s1 replacement 592 / 2048
seed0_l11_sae_k16_s1 replacement 608 / 2048
seed0_l11_sae_k16_s1 replacement 624 / 2048
seed0_l11_sae_k16_s1 replacement 640 / 2048
seed0_l11_sae_k16_s1 replacement 656 / 2048
seed0_l11_sae_k16_s1 replacement 672 / 2048
seed0_l11_sae_k16_s1 replacement 688 / 2048
seed0_l11_sae_k16_s1 replacement 704 / 2048
seed0_l11_sae_k16_s1 replacement 720 / 2048
seed0_l11_sae_k16_s1 replacement 736 / 2048
seed0_l11_sae_k16_s1 replacement 752 / 2048
seed0_l11_sae_k16_s1 replacement 768 / 2048
seed0_l11_sae_k16_s1 replacement 784 / 2048
seed0_l11_sae_k16_s1 replacement 800 / 2048
seed0_l11_sae_k16_s1 replacement 816 / 2048
seed0_l11_sae_k16_s1 replacement 832 / 2048
seed0_l11_sae_k16_s1 replacement 848 / 2048
seed0_l11_sae_k16_s1 replacement 864 / 2048
seed0_l11_sae_k16_s1 replacement 880 / 2048
seed0_l11_sae_k16_s1 replacement 896 / 2048
seed0_l11_sae_k16_s1 replacement 912 / 2048
seed0_l11_sae_k16_s1 replacement 928 / 2048
seed0_l11_sae_k16_s1 replacement 944 / 2048
seed0_l11_sae_k16_s1 replacement 960 / 2048
seed0_l11_sae_k16_s1 replacement 976 / 2048
seed0_l11_sae_k16_s1 replacement 992 / 2048
seed0_l11_sae_k16_s1 replacement 1008 / 2048
seed0_l11_sae_k16_s1 replacement 1024 / 2048
seed0_l11_sae_k16_s1 replacement 1040 / 2048
seed0_l11_sae_k16_s1 replacement 1056 / 2048
seed0_l11_sae_k16_s1 replacement 1072 / 2048
seed0_l11_sae_k16_s1 replacement 1088 / 2048
seed0_l11_sae_k16_s1 replacement 1104 / 2048
seed0_l11_sae_k16_s1 replacement 1120 / 2048
seed0_l11_sae_k16_s1 replacement 1136 / 2048
seed0_l11_sae_k16_s1 replacement 1152 / 2048
seed0_l11_sae_k16_s1 replacement 1168 / 2048
seed0_l11_sae_k16_s1 replacement 1184 / 2048
seed0_l11_sae_k16_s1 replacement 1200 / 2048
seed0_l11_sae_k16_s1 replacement 1216 / 2048
seed0_l11_sae_k16_s1 replacement 1232 / 2048
seed0_l11_sae_k16_s1 replacement 1248 / 2048
seed0_l11_sae_k16_s1 replacement 1264 / 2048
seed0_l11_sae_k16_s1 replacement 1280 / 2048
seed0_l11_sae_k16_s1 replacement 1296 / 2048
seed0_l11_sae_k16_s1 replacement 1312 / 2048
seed0_l11_sae_k16_s1 replacement 1328 / 2048
seed0_l11_sae_k16_s1 replacement 1344 / 2048
seed0_l11_sae_k16_s1 replacement 1360 / 2048
seed0_l11_sae_k16_s1 replacement 1376 / 2048
seed0_l11_sae_k16_s1 replacement 1392 / 2048
seed0_l11_sae_k16_s1 replacement 1408 / 2048
seed0_l11_sae_k16_s1 replacement 1424 / 2048
seed0_l11_sae_k16_s1 replacement 1440 / 2048
seed0_l11_sae_k16_s1 replacement 1456 / 2048
seed0_l11_sae_k16_s1 replacement 1472 / 2048
seed0_l11_sae_k16_s1 replacement 1488 / 2048
seed0_l11_sae_k16_s1 replacement 1504 / 2048
seed0_l11_sae_k16_s1 replacement 1520 / 2048
seed0_l11_sae_k16_s1 replacement 1536 / 2048
seed0_l11_sae_k16_s1 replacement 1552 / 2048
seed0_l11_sae_k16_s1 replacement 1568 / 2048
seed0_l11_sae_k16_s1 replacement 1584 / 2048
seed0_l11_sae_k16_s1 replacement 1600 / 2048
seed0_l11_sae_k16_s1 replacement 1616 / 2048
seed0_l11_sae_k16_s1 replacement 1632 / 2048
seed0_l11_sae_k16_s1 replacement 1648 / 2048
seed0_l11_sae_k16_s1 replacement 1664 / 2048
seed0_l11_sae_k16_s1 replacement 1680 / 2048
seed0_l11_sae_k16_s1 replacement 1696 / 2048
seed0_l11_sae_k16_s1 replacement 1712 / 2048
seed0_l11_sae_k16_s1 replacement 1728 / 2048
seed0_l11_sae_k16_s1 replacement 1744 / 2048
seed0_l11_sae_k16_s1 replacement 1760 / 2048
seed0_l11_sae_k16_s1 replacement 1776 / 2048
seed0_l11_sae_k16_s1 replacement 1792 / 2048
seed0_l11_sae_k16_s1 replacement 1808 / 2048
seed0_l11_sae_k16_s1 replacement 1824 / 2048
seed0_l11_sae_k16_s1 replacement 1840 / 2048
seed0_l11_sae_k16_s1 replacement 1856 / 2048
seed0_l11_sae_k16_s1 replacement 1872 / 2048
seed0_l11_sae_k16_s1 replacement 1888 / 2048
seed0_l11_sae_k16_s1 replacement 1904 / 2048
seed0_l11_sae_k16_s1 replacement 1920 / 2048
seed0_l11_sae_k16_s1 replacement 1936 / 2048
seed0_l11_sae_k16_s1 replacement 1952 / 2048
seed0_l11_sae_k16_s1 replacement 1968 / 2048
seed0_l11_sae_k16_s1 replacement 1984 / 2048
seed0_l11_sae_k16_s1 replacement 2000 / 2048
seed0_l11_sae_k16_s1 replacement 2016 / 2048
seed0_l11_sae_k16_s1 replacement 2032 / 2048
seed0_l11_sae_k16_s1 replacement 2048 / 2048
seed0_l11_sae_k16_s1 test_changed_memory 1 / 512
seed0_l11_sae_k16_s1 test_changed_memory 33 / 512
seed0_l11_sae_k16_s1 test_changed_memory 65 / 512
seed0_l11_sae_k16_s1 test_changed_memory 97 / 512
seed0_l11_sae_k16_s1 test_changed_memory 129 / 512
seed0_l11_sae_k16_s1 test_changed_memory 161 / 512
seed0_l11_sae_k16_s1 test_changed_memory 193 / 512
seed0_l11_sae_k16_s1 test_changed_memory 225 / 512
seed0_l11_sae_k16_s1 test_changed_memory 257 / 512
seed0_l11_sae_k16_s1 test_changed_memory 289 / 512
seed0_l11_sae_k16_s1 test_changed_memory 321 / 512
seed0_l11_sae_k16_s1 test_changed_memory 353 / 512
seed0_l11_sae_k16_s1 test_changed_memory 385 / 512
seed0_l11_sae_k16_s1 test_changed_memory 417 / 512
seed0_l11_sae_k16_s1 test_changed_memory 449 / 512
seed0_l11_sae_k16_s1 test_changed_memory 481 / 512
seed0_l11_sae_k16_s1 test_changed_composition 1 / 512
seed0_l11_sae_k16_s1 test_changed_composition 33 / 512
seed0_l11_sae_k16_s1 test_changed_composition 65 / 512
seed0_l11_sae_k16_s1 test_changed_composition 97 / 512
seed0_l11_sae_k16_s1 test_changed_composition 129 / 512
seed0_l11_sae_k16_s1 test_changed_composition 161 / 512
seed0_l11_sae_k16_s1 test_changed_composition 193 / 512
seed0_l11_sae_k16_s1 test_changed_composition 225 / 512
seed0_l11_sae_k16_s1 test_changed_composition 257 / 512
seed0_l11_sae_k16_s1 test_changed_composition 289 / 512
seed0_l11_sae_k16_s1 test_changed_composition 321 / 512
seed0_l11_sae_k16_s1 test_changed_composition 353 / 512
seed0_l11_sae_k16_s1 test_changed_composition 385 / 512
seed0_l11_sae_k16_s1 test_changed_composition 417 / 512
seed0_l11_sae_k16_s1 test_changed_composition 449 / 512
seed0_l11_sae_k16_s1 test_changed_composition 481 / 512
seed0_l11_sae_k16_s1 test_unchanged_memory 1 / 512
seed0_l11_sae_k16_s1 test_unchanged_memory 33 / 512
seed0_l11_sae_k16_s1 test_unchanged_memory 65 / 512
seed0_l11_sae_k16_s1 test_unchanged_memory 97 / 512
seed0_l11_sae_k16_s1 test_unchanged_memory 129 / 512
seed0_l11_sae_k16_s1 test_unchanged_memory 161 / 512
seed0_l11_sae_k16_s1 test_unchanged_memory 193 / 512
seed0_l11_sae_k16_s1 test_unchanged_memory 225 / 512
seed0_l11_sae_k16_s1 test_unchanged_memory 257 / 512
seed0_l11_sae_k16_s1 test_unchanged_memory 289 / 512
seed0_l11_sae_k16_s1 test_unchanged_memory 321 / 512
seed0_l11_sae_k16_s1 test_unchanged_memory 353 / 512
seed0_l11_sae_k16_s1 test_unchanged_memory 385 / 512
seed0_l11_sae_k16_s1 test_unchanged_memory 417 / 512
seed0_l11_sae_k16_s1 test_unchanged_memory 449 / 512
seed0_l11_sae_k16_s1 test_unchanged_memory 481 / 512
seed0_l11_sae_k16_s1 test_unchanged_composition 1 / 512
seed0_l11_sae_k16_s1 test_unchanged_composition 33 / 512
seed0_l11_sae_k16_s1 test_unchanged_composition 65 / 512
seed0_l11_sae_k16_s1 test_unchanged_composition 97 / 512
seed0_l11_sae_k16_s1 test_unchanged_composition 129 / 512
seed0_l11_sae_k16_s1 test_unchanged_composition 161 / 512
seed0_l11_sae_k16_s1 test_unchanged_composition 193 / 512
seed0_l11_sae_k16_s1 test_unchanged_composition 225 / 512
seed0_l11_sae_k16_s1 test_unchanged_composition 257 / 512
seed0_l11_sae_k16_s1 test_unchanged_composition 289 / 512
seed0_l11_sae_k16_s1 test_unchanged_composition 321 / 512
seed0_l11_sae_k16_s1 test_unchanged_composition 353 / 512
seed0_l11_sae_k16_s1 test_unchanged_composition 385 / 512
seed0_l11_sae_k16_s1 test_unchanged_composition 417 / 512
seed0_l11_sae_k16_s1 test_unchanged_composition 449 / 512
seed0_l11_sae_k16_s1 test_unchanged_composition 481 / 512
Traceback (most recent call last):
  File "<frozen runpy>", line 203, in _run_module_as_main
  File "<frozen runpy>", line 88, in _run_code
  File "/content/MI_P9_evaluation_r1/interp_v1_4/p9_sae_runner.py", line 101, in <module>
    if __name__=='__main__':main()
                            ~~~~^^
  File "/content/MI_P9_evaluation_r1/interp_v1_4/p9_sae_runner.py", line 99, in main
    else:run(args.root,args.source,args.output,args.action,args.device,args.runs,args.smoke)
         ~~~^^^^^^^^^^^^^^^^^^^^^^^^^^^^^^^^^^^^^^^^^^^^^^^^^^^^^^^^^^^^^^^^^^^^^^^^^^^^^^^^
  File "/content/MI_P9_evaluation_r1/interp_v1_4/p9_sae_runner.py", line 72, in run
    summarize(root,config,output,entry);del model,d;torch.cuda.empty_cache()
    ~~~~~~~~~^^^^^^^^^^^^^^^^^^^^^^^^^^
  File "/content/MI_P9_evaluation_r1/interp_v1_4/p9_sae_causal.py", line 220, in summarize
    if len(paths)!=quota:raise ValueError('Incomplete causal units')
                         ^^^^^^^^^^^^^^^^^^^^^^^^^^^^^^^^^^^^^^^^^^^
ValueError: Incomplete causal units
{"returncode": 1, "ended_ns": 1790798872805221458}
