{"command": ["/usr/bin/python3", "-u", "-m", "interp_v1_4.p9_sae_runner", "select", "--root", "/content/MI_P9_evaluation_r1", "--source", "/content/drive/MyDrive/boolean_interp_v1_4/P5_r2", "--output", "/content/drive/MyDrive/boolean_interp_v1_4/P9_evaluation_r1/sae", "--device", "cuda"], "started_ns": 1790782495901606579}
source cache verified 40
seed0_l0_sae_k4_s1 coordinate_current_iid passed
seed0_l0_sae_k4_s1 coordinate_current_transfer passed
seed0_l0_sae_k4_s1 coordinate_previous_iid passed
seed0_l0_sae_k4_s1 coordinate_previous_transfer passed
seed0_l0_sae_k4_s1 coordinate_query_iid passed
seed0_l0_sae_k4_s1 coordinate_A_iid passed
seed0_l0_sae_k4_s1 coordinate_B_iid passed
seed0_l0_sae_k4_s1 coordinate_C_iid passed
seed0_l0_sae_k4_s1 coordinate_D_iid passed
seed0_l0_sae_k4_s1 coordinate_state_iid passed
seed0_l0_sae_k4_s1 coordinate_128_current_iid passed
seed0_l0_sae_k4_s1 coordinate_128_current_transfer passed
seed0_l0_sae_k4_s1 coordinate_128_previous_iid passed
seed0_l0_sae_k4_s1 coordinate_128_previous_transfer passed
seed0_l0_sae_k4_s1 coordinate_128_query_iid passed
seed0_l0_sae_k4_s1 coordinate_128_A_iid passed
seed0_l0_sae_k4_s1 coordinate_128_B_iid passed
seed0_l0_sae_k4_s1 coordinate_128_C_iid passed
seed0_l0_sae_k4_s1 coordinate_128_D_iid passed
seed0_l0_sae_k4_s1 coordinate_128_state_iid passed
seed0_l0_sae_k4_s1 random_current_iid passed
seed0_l0_sae_k4_s1 random_current_transfer passed
seed0_l0_sae_k4_s1 random_previous_iid passed
seed0_l0_sae_k4_s1 random_previous_transfer passed
seed0_l0_sae_k4_s1 random_query_iid passed
seed0_l0_sae_k4_s1 random_A_iid passed
seed0_l0_sae_k4_s1 random_B_iid passed
seed0_l0_sae_k4_s1 random_C_iid passed
seed0_l0_sae_k4_s1 random_D_iid passed
seed0_l0_sae_k4_s1 random_state_iid passed
seed0_l0_sae_k4_s1 random_128_current_iid passed
seed0_l0_sae_k4_s1 random_128_current_transfer passed
seed0_l0_sae_k4_s1 random_128_previous_iid passed
seed0_l0_sae_k4_s1 random_128_previous_transfer passed
seed0_l0_sae_k4_s1 random_128_query_iid passed
seed0_l0_sae_k4_s1 random_128_A_iid passed
seed0_l0_sae_k4_s1 random_128_B_iid passed
seed0_l0_sae_k4_s1 random_128_C_iid passed
seed0_l0_sae_k4_s1 random_128_D_iid passed
seed0_l0_sae_k4_s1 random_128_state_iid passed
seed0_l0_sae_k4_s1 sae_current_iid passed
seed0_l0_sae_k4_s1 sae_current_transfer passed
seed0_l0_sae_k4_s1 sae_previous_iid passed
seed0_l0_sae_k4_s1 sae_previous_transfer passed
seed0_l0_sae_k4_s1 sae_query_iid passed
seed0_l0_sae_k4_s1 sae_A_iid passed
seed0_l0_sae_k4_s1 sae_B_iid passed
seed0_l0_sae_k4_s1 sae_C_iid passed
seed0_l0_sae_k4_s1 sae_D_iid passed
seed0_l0_sae_k4_s1 sae_state_iid passed
seed0_l0_sae_k4_s1 sae_128_current_iid passed
seed0_l0_sae_k4_s1 sae_128_current_transfer passed
seed0_l0_sae_k4_s1 sae_128_previous_iid passed
seed0_l0_sae_k4_s1 sae_128_previous_transfer passed
seed0_l0_sae_k4_s1 sae_128_query_iid passed
seed0_l0_sae_k4_s1 sae_128_A_iid passed
seed0_l0_sae_k4_s1 sae_128_B_iid passed
seed0_l0_sae_k4_s1 sae_128_C_iid passed
seed0_l0_sae_k4_s1 sae_128_D_iid passed
seed0_l0_sae_k4_s1 sae_128_state_iid passed
completed stage select seed0_l0_sae_k4_s1
seed0_l0_sae_k16_s1 coordinate_current_iid passed
seed0_l0_sae_k16_s1 coordinate_current_transfer passed
seed0_l0_sae_k16_s1 coordinate_previous_iid passed
seed0_l0_sae_k16_s1 coordinate_previous_transfer passed
seed0_l0_sae_k16_s1 coordinate_query_iid passed
seed0_l0_sae_k16_s1 coordinate_A_iid passed
seed0_l0_sae_k16_s1 coordinate_B_iid passed
seed0_l0_sae_k16_s1 coordinate_C_iid passed
seed0_l0_sae_k16_s1 coordinate_D_iid passed
seed0_l0_sae_k16_s1 coordinate_state_iid passed
seed0_l0_sae_k16_s1 coordinate_128_current_iid passed
seed0_l0_sae_k16_s1 coordinate_128_current_transfer passed
seed0_l0_sae_k16_s1 coordinate_128_previous_iid passed
seed0_l0_sae_k16_s1 coordinate_128_previous_transfer passed
seed0_l0_sae_k16_s1 coordinate_128_query_iid passed
seed0_l0_sae_k16_s1 coordinate_128_A_iid passed
seed0_l0_sae_k16_s1 coordinate_128_B_iid passed
seed0_l0_sae_k16_s1 coordinate_128_C_iid passed
seed0_l0_sae_k16_s1 coordinate_128_D_iid passed
seed0_l0_sae_k16_s1 coordinate_128_state_iid passed
seed0_l0_sae_k16_s1 random_current_iid passed
seed0_l0_sae_k16_s1 random_current_transfer passed
seed0_l0_sae_k16_s1 random_previous_iid passed
seed0_l0_sae_k16_s1 random_previous_transfer passed
seed0_l0_sae_k16_s1 random_query_iid passed
seed0_l0_sae_k16_s1 random_A_iid passed
seed0_l0_sae_k16_s1 random_B_iid passed
seed0_l0_sae_k16_s1 random_C_iid passed
seed0_l0_sae_k16_s1 random_D_iid passed
seed0_l0_sae_k16_s1 random_state_iid passed
seed0_l0_sae_k16_s1 random_128_current_iid passed
seed0_l0_sae_k16_s1 random_128_current_transfer passed
seed0_l0_sae_k16_s1 random_128_previous_iid passed
seed0_l0_sae_k16_s1 random_128_previous_transfer passed
seed0_l0_sae_k16_s1 random_128_query_iid passed
seed0_l0_sae_k16_s1 random_128_A_iid passed
seed0_l0_sae_k16_s1 random_128_B_iid passed
seed0_l0_sae_k16_s1 random_128_C_iid passed
seed0_l0_sae_k16_s1 random_128_D_iid passed
seed0_l0_sae_k16_s1 random_128_state_iid passed
seed0_l0_sae_k16_s1 sae_current_iid passed
seed0_l0_sae_k16_s1 sae_current_transfer passed
seed0_l0_sae_k16_s1 sae_previous_iid passed
seed0_l0_sae_k16_s1 sae_previous_transfer passed
seed0_l0_sae_k16_s1 sae_query_iid passed
seed0_l0_sae_k16_s1 sae_A_iid passed
seed0_l0_sae_k16_s1 sae_B_iid passed
seed0_l0_sae_k16_s1 sae_C_iid passed
seed0_l0_sae_k16_s1 sae_D_iid passed
seed0_l0_sae_k16_s1 sae_state_iid passed
seed0_l0_sae_k16_s1 sae_128_current_iid passed
seed0_l0_sae_k16_s1 sae_128_current_transfer passed
seed0_l0_sae_k16_s1 sae_128_previous_iid passed
seed0_l0_sae_k16_s1 sae_128_previous_transfer passed
seed0_l0_sae_k16_s1 sae_128_query_iid passed
seed0_l0_sae_k16_s1 sae_128_A_iid passed
seed0_l0_sae_k16_s1 sae_128_B_iid passed
seed0_l0_sae_k16_s1 sae_128_C_iid passed
seed0_l0_sae_k16_s1 sae_128_D_iid passed
seed0_l0_sae_k16_s1 sae_128_state_iid passed
completed stage select seed0_l0_sae_k16_s1
seed0_l3_sae_k4_s1 coordinate_current_iid passed
seed0_l3_sae_k4_s1 coordinate_current_transfer passed
seed0_l3_sae_k4_s1 coordinate_previous_iid passed
seed0_l3_sae_k4_s1 coordinate_previous_transfer passed
seed0_l3_sae_k4_s1 coordinate_query_iid passed
seed0_l3_sae_k4_s1 coordinate_A_iid passed
seed0_l3_sae_k4_s1 coordinate_B_iid passed
seed0_l3_sae_k4_s1 coordinate_C_iid passed
seed0_l3_sae_k4_s1 coordinate_D_iid passed
seed0_l3_sae_k4_s1 coordinate_state_iid passed
seed0_l3_sae_k4_s1 coordinate_128_current_iid passed
seed0_l3_sae_k4_s1 coordinate_128_current_transfer passed
seed0_l3_sae_k4_s1 coordinate_128_previous_iid passed
seed0_l3_sae_k4_s1 coordinate_128_previous_transfer passed
seed0_l3_sae_k4_s1 coordinate_128_query_iid passed
seed0_l3_sae_k4_s1 coordinate_128_A_iid passed
seed0_l3_sae_k4_s1 coordinate_128_B_iid passed
seed0_l3_sae_k4_s1 coordinate_128_C_iid passed
seed0_l3_sae_k4_s1 coordinate_128_D_iid passed
seed0_l3_sae_k4_s1 coordinate_128_state_iid passed
seed0_l3_sae_k4_s1 random_current_iid passed
seed0_l3_sae_k4_s1 random_current_transfer passed
seed0_l3_sae_k4_s1 random_previous_iid passed
seed0_l3_sae_k4_s1 random_previous_transfer passed
seed0_l3_sae_k4_s1 random_query_iid passed
seed0_l3_sae_k4_s1 random_A_iid passed
seed0_l3_sae_k4_s1 random_B_iid passed
seed0_l3_sae_k4_s1 random_C_iid passed
seed0_l3_sae_k4_s1 random_D_iid passed
seed0_l3_sae_k4_s1 random_state_iid passed
seed0_l3_sae_k4_s1 random_128_current_iid passed
seed0_l3_sae_k4_s1 random_128_current_transfer passed
seed0_l3_sae_k4_s1 random_128_previous_iid passed
seed0_l3_sae_k4_s1 random_128_previous_transfer passed
seed0_l3_sae_k4_s1 random_128_query_iid passed
seed0_l3_sae_k4_s1 random_128_A_iid passed
seed0_l3_sae_k4_s1 random_128_B_iid passed
seed0_l3_sae_k4_s1 random_128_C_iid passed
seed0_l3_sae_k4_s1 random_128_D_iid passed
seed0_l3_sae_k4_s1 random_128_state_iid passed
seed0_l3_sae_k4_s1 sae_current_iid passed
seed0_l3_sae_k4_s1 sae_current_transfer passed
seed0_l3_sae_k4_s1 sae_previous_iid passed
seed0_l3_sae_k4_s1 sae_previous_transfer passed
seed0_l3_sae_k4_s1 sae_query_iid passed
seed0_l3_sae_k4_s1 sae_A_iid passed
seed0_l3_sae_k4_s1 sae_B_iid passed
seed0_l3_sae_k4_s1 sae_C_iid passed
seed0_l3_sae_k4_s1 sae_D_iid passed
seed0_l3_sae_k4_s1 sae_state_iid passed
seed0_l3_sae_k4_s1 sae_128_current_iid passed
seed0_l3_sae_k4_s1 sae_128_current_transfer passed
seed0_l3_sae_k4_s1 sae_128_previous_iid passed
seed0_l3_sae_k4_s1 sae_128_previous_transfer passed
seed0_l3_sae_k4_s1 sae_128_query_iid passed
seed0_l3_sae_k4_s1 sae_128_A_iid passed
seed0_l3_sae_k4_s1 sae_128_B_iid passed
seed0_l3_sae_k4_s1 sae_128_C_iid passed
seed0_l3_sae_k4_s1 sae_128_D_iid passed
seed0_l3_sae_k4_s1 sae_128_state_iid passed
completed stage select seed0_l3_sae_k4_s1
seed0_l3_sae_k16_s1 coordinate_current_iid passed
seed0_l3_sae_k16_s1 coordinate_current_transfer passed
seed0_l3_sae_k16_s1 coordinate_previous_iid passed
seed0_l3_sae_k16_s1 coordinate_previous_transfer passed
seed0_l3_sae_k16_s1 coordinate_query_iid passed
seed0_l3_sae_k16_s1 coordinate_A_iid passed
seed0_l3_sae_k16_s1 coordinate_B_iid passed
seed0_l3_sae_k16_s1 coordinate_C_iid passed
seed0_l3_sae_k16_s1 coordinate_D_iid passed
seed0_l3_sae_k16_s1 coordinate_state_iid passed
seed0_l3_sae_k16_s1 coordinate_128_current_iid passed
seed0_l3_sae_k16_s1 coordinate_128_current_transfer passed
seed0_l3_sae_k16_s1 coordinate_128_previous_iid passed
seed0_l3_sae_k16_s1 coordinate_128_previous_transfer passed
seed0_l3_sae_k16_s1 coordinate_128_query_iid passed
seed0_l3_sae_k16_s1 coordinate_128_A_iid passed
seed0_l3_sae_k16_s1 coordinate_128_B_iid passed
seed0_l3_sae_k16_s1 coordinate_128_C_iid passed
seed0_l3_sae_k16_s1 coordinate_128_D_iid passed
seed0_l3_sae_k16_s1 coordinate_128_state_iid passed
seed0_l3_sae_k16_s1 random_current_iid passed
seed0_l3_sae_k16_s1 random_current_transfer passed
seed0_l3_sae_k16_s1 random_previous_iid passed
seed0_l3_sae_k16_s1 random_previous_transfer passed
seed0_l3_sae_k16_s1 random_query_iid passed
seed0_l3_sae_k16_s1 random_A_iid passed
seed0_l3_sae_k16_s1 random_B_iid passed
seed0_l3_sae_k16_s1 random_C_iid passed
seed0_l3_sae_k16_s1 random_D_iid passed
seed0_l3_sae_k16_s1 random_state_iid passed
seed0_l3_sae_k16_s1 random_128_current_iid passed
seed0_l3_sae_k16_s1 random_128_current_transfer passed
seed0_l3_sae_k16_s1 random_128_previous_iid passed
seed0_l3_sae_k16_s1 random_128_previous_transfer passed
seed0_l3_sae_k16_s1 random_128_query_iid passed
seed0_l3_sae_k16_s1 random_128_A_iid passed
seed0_l3_sae_k16_s1 random_128_B_iid passed
seed0_l3_sae_k16_s1 random_128_C_iid passed
seed0_l3_sae_k16_s1 random_128_D_iid passed
seed0_l3_sae_k16_s1 random_128_state_iid passed
seed0_l3_sae_k16_s1 sae_current_iid passed
seed0_l3_sae_k16_s1 sae_current_transfer passed
seed0_l3_sae_k16_s1 sae_previous_iid passed
seed0_l3_sae_k16_s1 sae_previous_transfer passed
seed0_l3_sae_k16_s1 sae_query_iid passed
seed0_l3_sae_k16_s1 sae_A_iid passed
seed0_l3_sae_k16_s1 sae_B_iid passed
seed0_l3_sae_k16_s1 sae_C_iid passed
seed0_l3_sae_k16_s1 sae_D_iid passed
seed0_l3_sae_k16_s1 sae_state_iid passed
seed0_l3_sae_k16_s1 sae_128_current_iid passed
seed0_l3_sae_k16_s1 sae_128_current_transfer passed
seed0_l3_sae_k16_s1 sae_128_previous_iid passed
seed0_l3_sae_k16_s1 sae_128_previous_transfer passed
seed0_l3_sae_k16_s1 sae_128_query_iid passed
seed0_l3_sae_k16_s1 sae_128_A_iid passed
seed0_l3_sae_k16_s1 sae_128_B_iid passed
seed0_l3_sae_k16_s1 sae_128_C_iid passed
seed0_l3_sae_k16_s1 sae_128_D_iid passed
seed0_l3_sae_k16_s1 sae_128_state_iid passed
completed stage select seed0_l3_sae_k16_s1
seed0_l7_sae_k4_s1 coordinate_current_iid passed
seed0_l7_sae_k4_s1 coordinate_current_transfer passed
seed0_l7_sae_k4_s1 coordinate_previous_iid passed
seed0_l7_sae_k4_s1 coordinate_previous_transfer passed
seed0_l7_sae_k4_s1 coordinate_query_iid passed
seed0_l7_sae_k4_s1 coordinate_A_iid passed
seed0_l7_sae_k4_s1 coordinate_B_iid passed
seed0_l7_sae_k4_s1 coordinate_C_iid passed
seed0_l7_sae_k4_s1 coordinate_D_iid passed
seed0_l7_sae_k4_s1 coordinate_state_iid passed
seed0_l7_sae_k4_s1 coordinate_128_current_iid passed
seed0_l7_sae_k4_s1 coordinate_128_current_transfer passed
seed0_l7_sae_k4_s1 coordinate_128_previous_iid passed
seed0_l7_sae_k4_s1 coordinate_128_previous_transfer passed
seed0_l7_sae_k4_s1 coordinate_128_query_iid passed
seed0_l7_sae_k4_s1 coordinate_128_A_iid passed
seed0_l7_sae_k4_s1 coordinate_128_B_iid passed
seed0_l7_sae_k4_s1 coordinate_128_C_iid passed
seed0_l7_sae_k4_s1 coordinate_128_D_iid passed
seed0_l7_sae_k4_s1 coordinate_128_state_iid passed
seed0_l7_sae_k4_s1 random_current_iid passed
seed0_l7_sae_k4_s1 random_current_transfer passed
seed0_l7_sae_k4_s1 random_previous_iid passed
seed0_l7_sae_k4_s1 random_previous_transfer passed
seed0_l7_sae_k4_s1 random_query_iid passed
seed0_l7_sae_k4_s1 random_A_iid passed
seed0_l7_sae_k4_s1 random_B_iid passed
seed0_l7_sae_k4_s1 random_C_iid passed
seed0_l7_sae_k4_s1 random_D_iid passed
seed0_l7_sae_k4_s1 random_state_iid passed
seed0_l7_sae_k4_s1 random_128_current_iid passed
seed0_l7_sae_k4_s1 random_128_current_transfer passed
seed0_l7_sae_k4_s1 random_128_previous_iid passed
seed0_l7_sae_k4_s1 random_128_previous_transfer passed
seed0_l7_sae_k4_s1 random_128_query_iid passed
seed0_l7_sae_k4_s1 random_128_A_iid passed
seed0_l7_sae_k4_s1 random_128_B_iid passed
seed0_l7_sae_k4_s1 random_128_C_iid passed
seed0_l7_sae_k4_s1 random_128_D_iid passed
seed0_l7_sae_k4_s1 random_128_state_iid passed
seed0_l7_sae_k4_s1 sae_current_iid passed
seed0_l7_sae_k4_s1 sae_current_transfer passed
seed0_l7_sae_k4_s1 sae_previous_iid passed
seed0_l7_sae_k4_s1 sae_previous_transfer passed
seed0_l7_sae_k4_s1 sae_query_iid passed
seed0_l7_sae_k4_s1 sae_A_iid passed
seed0_l7_sae_k4_s1 sae_B_iid passed
seed0_l7_sae_k4_s1 sae_C_iid passed
seed0_l7_sae_k4_s1 sae_D_iid passed
seed0_l7_sae_k4_s1 sae_state_iid passed
seed0_l7_sae_k4_s1 sae_128_current_iid passed
seed0_l7_sae_k4_s1 sae_128_current_transfer passed
seed0_l7_sae_k4_s1 sae_128_previous_iid passed
seed0_l7_sae_k4_s1 sae_128_previous_transfer passed
seed0_l7_sae_k4_s1 sae_128_query_iid passed
seed0_l7_sae_k4_s1 sae_128_A_iid passed
seed0_l7_sae_k4_s1 sae_128_B_iid passed
seed0_l7_sae_k4_s1 sae_128_C_iid passed
seed0_l7_sae_k4_s1 sae_128_D_iid passed
seed0_l7_sae_k4_s1 sae_128_state_iid passed
completed stage select seed0_l7_sae_k4_s1
seed0_l7_sae_k16_s1 coordinate_current_iid passed
seed0_l7_sae_k16_s1 coordinate_current_transfer passed
seed0_l7_sae_k16_s1 coordinate_previous_iid passed
seed0_l7_sae_k16_s1 coordinate_previous_transfer passed
seed0_l7_sae_k16_s1 coordinate_query_iid passed
seed0_l7_sae_k16_s1 coordinate_A_iid passed
seed0_l7_sae_k16_s1 coordinate_B_iid passed
seed0_l7_sae_k16_s1 coordinate_C_iid passed
seed0_l7_sae_k16_s1 coordinate_D_iid passed
seed0_l7_sae_k16_s1 coordinate_state_iid passed
seed0_l7_sae_k16_s1 coordinate_128_current_iid passed
seed0_l7_sae_k16_s1 coordinate_128_current_transfer passed
seed0_l7_sae_k16_s1 coordinate_128_previous_iid passed
seed0_l7_sae_k16_s1 coordinate_128_previous_transfer passed
seed0_l7_sae_k16_s1 coordinate_128_query_iid passed
seed0_l7_sae_k16_s1 coordinate_128_A_iid passed
seed0_l7_sae_k16_s1 coordinate_128_B_iid passed
seed0_l7_sae_k16_s1 coordinate_128_C_iid passed
seed0_l7_sae_k16_s1 coordinate_128_D_iid passed
seed0_l7_sae_k16_s1 coordinate_128_state_iid passed
seed0_l7_sae_k16_s1 random_current_iid passed
seed0_l7_sae_k16_s1 random_current_transfer passed
seed0_l7_sae_k16_s1 random_previous_iid passed
seed0_l7_sae_k16_s1 random_previous_transfer passed
seed0_l7_sae_k16_s1 random_query_iid passed
seed0_l7_sae_k16_s1 random_A_iid passed
seed0_l7_sae_k16_s1 random_B_iid passed
seed0_l7_sae_k16_s1 random_C_iid passed
seed0_l7_sae_k16_s1 random_D_iid passed
seed0_l7_sae_k16_s1 random_state_iid passed
seed0_l7_sae_k16_s1 random_128_current_iid passed
seed0_l7_sae_k16_s1 random_128_current_transfer passed
seed0_l7_sae_k16_s1 random_128_previous_iid passed
seed0_l7_sae_k16_s1 random_128_previous_transfer passed
seed0_l7_sae_k16_s1 random_128_query_iid passed
seed0_l7_sae_k16_s1 random_128_A_iid passed
seed0_l7_sae_k16_s1 random_128_B_iid passed
seed0_l7_sae_k16_s1 random_128_C_iid passed
seed0_l7_sae_k16_s1 random_128_D_iid passed
seed0_l7_sae_k16_s1 random_128_state_iid passed
seed0_l7_sae_k16_s1 sae_current_iid passed
seed0_l7_sae_k16_s1 sae_current_transfer passed
seed0_l7_sae_k16_s1 sae_previous_iid passed
seed0_l7_sae_k16_s1 sae_previous_transfer passed
seed0_l7_sae_k16_s1 sae_query_iid passed
seed0_l7_sae_k16_s1 sae_A_iid passed
seed0_l7_sae_k16_s1 sae_B_iid passed
seed0_l7_sae_k16_s1 sae_C_iid passed
seed0_l7_sae_k16_s1 sae_D_iid passed
seed0_l7_sae_k16_s1 sae_state_iid passed
seed0_l7_sae_k16_s1 sae_128_current_iid passed
seed0_l7_sae_k16_s1 sae_128_current_transfer passed
seed0_l7_sae_k16_s1 sae_128_previous_iid passed
seed0_l7_sae_k16_s1 sae_128_previous_transfer passed
seed0_l7_sae_k16_s1 sae_128_query_iid passed
seed0_l7_sae_k16_s1 sae_128_A_iid passed
seed0_l7_sae_k16_s1 sae_128_B_iid passed
seed0_l7_sae_k16_s1 sae_128_C_iid passed
seed0_l7_sae_k16_s1 sae_128_D_iid passed
seed0_l7_sae_k16_s1 sae_128_state_iid passed
completed stage select seed0_l7_sae_k16_s1
seed0_l11_sae_k4_s1 coordinate_current_iid passed
seed0_l11_sae_k4_s1 coordinate_current_transfer passed
seed0_l11_sae_k4_s1 coordinate_previous_iid passed
seed0_l11_sae_k4_s1 coordinate_previous_transfer passed
seed0_l11_sae_k4_s1 coordinate_query_iid passed
seed0_l11_sae_k4_s1 coordinate_A_iid passed
seed0_l11_sae_k4_s1 coordinate_B_iid passed
seed0_l11_sae_k4_s1 coordinate_C_iid passed
seed0_l11_sae_k4_s1 coordinate_D_iid passed
seed0_l11_sae_k4_s1 coordinate_state_iid passed
seed0_l11_sae_k4_s1 coordinate_128_current_iid passed
seed0_l11_sae_k4_s1 coordinate_128_current_transfer passed
seed0_l11_sae_k4_s1 coordinate_128_previous_iid passed
seed0_l11_sae_k4_s1 coordinate_128_previous_transfer passed
seed0_l11_sae_k4_s1 coordinate_128_query_iid passed
seed0_l11_sae_k4_s1 coordinate_128_A_iid passed
seed0_l11_sae_k4_s1 coordinate_128_B_iid passed
seed0_l11_sae_k4_s1 coordinate_128_C_iid passed
seed0_l11_sae_k4_s1 coordinate_128_D_iid passed
seed0_l11_sae_k4_s1 coordinate_128_state_iid passed
seed0_l11_sae_k4_s1 random_current_iid passed
seed0_l11_sae_k4_s1 random_current_transfer passed
seed0_l11_sae_k4_s1 random_previous_iid passed
seed0_l11_sae_k4_s1 random_previous_transfer passed
seed0_l11_sae_k4_s1 random_query_iid passed
seed0_l11_sae_k4_s1 random_A_iid passed
seed0_l11_sae_k4_s1 random_B_iid passed
seed0_l11_sae_k4_s1 random_C_iid passed
seed0_l11_sae_k4_s1 random_D_iid passed
seed0_l11_sae_k4_s1 random_state_iid passed
seed0_l11_sae_k4_s1 random_128_current_iid passed
seed0_l11_sae_k4_s1 random_128_current_transfer passed
seed0_l11_sae_k4_s1 random_128_previous_iid passed
seed0_l11_sae_k4_s1 random_128_previous_transfer passed
seed0_l11_sae_k4_s1 random_128_query_iid passed
seed0_l11_sae_k4_s1 random_128_A_iid passed
seed0_l11_sae_k4_s1 random_128_B_iid passed
seed0_l11_sae_k4_s1 random_128_C_iid passed
seed0_l11_sae_k4_s1 random_128_D_iid passed
seed0_l11_sae_k4_s1 random_128_state_iid passed
seed0_l11_sae_k4_s1 sae_current_iid passed
seed0_l11_sae_k4_s1 sae_current_transfer passed
seed0_l11_sae_k4_s1 sae_previous_iid passed
seed0_l11_sae_k4_s1 sae_previous_transfer passed
seed0_l11_sae_k4_s1 sae_query_iid passed
seed0_l11_sae_k4_s1 sae_A_iid passed
seed0_l11_sae_k4_s1 sae_B_iid passed
seed0_l11_sae_k4_s1 sae_C_iid passed
seed0_l11_sae_k4_s1 sae_D_iid passed
seed0_l11_sae_k4_s1 sae_state_iid passed
seed0_l11_sae_k4_s1 sae_128_current_iid passed
seed0_l11_sae_k4_s1 sae_128_current_transfer passed
seed0_l11_sae_k4_s1 sae_128_previous_iid passed
seed0_l11_sae_k4_s1 sae_128_previous_transfer passed
seed0_l11_sae_k4_s1 sae_128_query_iid passed
seed0_l11_sae_k4_s1 sae_128_A_iid passed
seed0_l11_sae_k4_s1 sae_128_B_iid passed
seed0_l11_sae_k4_s1 sae_128_C_iid passed
seed0_l11_sae_k4_s1 sae_128_D_iid passed
seed0_l11_sae_k4_s1 sae_128_state_iid passed
completed stage select seed0_l11_sae_k4_s1
seed0_l11_sae_k16_s1 coordinate_current_iid passed
seed0_l11_sae_k16_s1 coordinate_current_transfer passed
seed0_l11_sae_k16_s1 coordinate_previous_iid passed
seed0_l11_sae_k16_s1 coordinate_previous_transfer passed
seed0_l11_sae_k16_s1 coordinate_query_iid passed
seed0_l11_sae_k16_s1 coordinate_A_iid passed
seed0_l11_sae_k16_s1 coordinate_B_iid passed
seed0_l11_sae_k16_s1 coordinate_C_iid passed
seed0_l11_sae_k16_s1 coordinate_D_iid passed
seed0_l11_sae_k16_s1 coordinate_state_iid passed
seed0_l11_sae_k16_s1 coordinate_128_current_iid passed
seed0_l11_sae_k16_s1 coordinate_128_current_transfer passed
seed0_l11_sae_k16_s1 coordinate_128_previous_iid passed
seed0_l11_sae_k16_s1 coordinate_128_previous_transfer passed
seed0_l11_sae_k16_s1 coordinate_128_query_iid passed
seed0_l11_sae_k16_s1 coordinate_128_A_iid passed
seed0_l11_sae_k16_s1 coordinate_128_B_iid passed
seed0_l11_sae_k16_s1 coordinate_128_C_iid passed
seed0_l11_sae_k16_s1 coordinate_128_D_iid passed
seed0_l11_sae_k16_s1 coordinate_128_state_iid passed
seed0_l11_sae_k16_s1 random_current_iid passed
seed0_l11_sae_k16_s1 random_current_transfer passed
seed0_l11_sae_k16_s1 random_previous_iid passed
seed0_l11_sae_k16_s1 random_previous_transfer passed
seed0_l11_sae_k16_s1 random_query_iid passed
seed0_l11_sae_k16_s1 random_A_iid passed
seed0_l11_sae_k16_s1 random_B_iid passed
seed0_l11_sae_k16_s1 random_C_iid passed
seed0_l11_sae_k16_s1 random_D_iid passed
seed0_l11_sae_k16_s1 random_state_iid passed
seed0_l11_sae_k16_s1 random_128_current_iid passed
seed0_l11_sae_k16_s1 random_128_current_transfer passed
seed0_l11_sae_k16_s1 random_128_previous_iid passed
seed0_l11_sae_k16_s1 random_128_previous_transfer passed
seed0_l11_sae_k16_s1 random_128_query_iid passed
seed0_l11_sae_k16_s1 random_128_A_iid passed
seed0_l11_sae_k16_s1 random_128_B_iid passed
seed0_l11_sae_k16_s1 random_128_C_iid passed
seed0_l11_sae_k16_s1 random_128_D_iid passed
seed0_l11_sae_k16_s1 random_128_state_iid passed
seed0_l11_sae_k16_s1 sae_current_iid passed
seed0_l11_sae_k16_s1 sae_current_transfer passed
seed0_l11_sae_k16_s1 sae_previous_iid passed
seed0_l11_sae_k16_s1 sae_previous_transfer passed
seed0_l11_sae_k16_s1 sae_query_iid passed
seed0_l11_sae_k16_s1 sae_A_iid passed
seed0_l11_sae_k16_s1 sae_B_iid passed
seed0_l11_sae_k16_s1 sae_C_iid passed
seed0_l11_sae_k16_s1 sae_D_iid passed
seed0_l11_sae_k16_s1 sae_state_iid passed
seed0_l11_sae_k16_s1 sae_128_current_iid passed
seed0_l11_sae_k16_s1 sae_128_current_transfer passed
seed0_l11_sae_k16_s1 sae_128_previous_iid passed
seed0_l11_sae_k16_s1 sae_128_previous_transfer passed
seed0_l11_sae_k16_s1 sae_128_query_iid passed
seed0_l11_sae_k16_s1 sae_128_A_iid passed
seed0_l11_sae_k16_s1 sae_128_B_iid passed
seed0_l11_sae_k16_s1 sae_128_C_iid passed
seed0_l11_sae_k16_s1 sae_128_D_iid passed
seed0_l11_sae_k16_s1 sae_128_state_iid passed
completed stage select seed0_l11_sae_k16_s1
{"returncode": 0, "ended_ns": 1790786310181088022}
