
Fontconfig error: No writable cache directories
	/opt/homebrew/var/cache/fontconfig
	/Users/jangjiheon/.cache/fontconfig
	/Users/jangjiheon/.fontconfig

Fontconfig error: No writable cache directories
	/opt/homebrew/var/cache/fontconfig
	/Users/jangjiheon/.cache/fontconfig
	/Users/jangjiheon/.fontconfig

Fontconfig error: No writable cache directories
	/opt/homebrew/var/cache/fontconfig
	/Users/jangjiheon/.cache/fontconfig
	/Users/jangjiheon/.fontconfig

Fontconfig error: No writable cache directories
	/opt/homebrew/var/cache/fontconfig
	/Users/jangjiheon/.cache/fontconfig
	/Users/jangjiheon/.fontconfig

Fontconfig error: No writable cache directories
	/opt/homebrew/var/cache/fontconfig
	/Users/jangjiheon/.cache/fontconfig
	/Users/jangjiheon/.fontconfig

Fontconfig error: No writable cache directories
	/opt/homebrew/var/cache/fontconfig
	/Users/jangjiheon/.cache/fontconfig
	/Users/jangjiheon/.fontconfig

Fontconfig error: No writable cache directories
	/opt/homebrew/var/cache/fontconfig
	/Users/jangjiheon/.cache/fontconfig
	/Users/jangjiheon/.fontconfig
Matplotlib is building the font cache; this may take a moment.
[
  {
    "seed": 0,
    "gate_passed": true,
    "selected_update": 7983,
    "selected_tokens": 60801363,
    "training_tokens": 64005751,
    "general_accuracy": 0.9992768034713433,
    "general_errors": 12,
    "general_n": 16593,
    "general_ce": 0.002238752270148263,
    "first_accuracy": 0.9981398809523809,
    "first_errors": 5,
    "repeat_accuracy": 1.0,
    "repeat_errors": 0,
    "each_member_n": 2688,
    "first_ci95": [
      0.9962797619047619,
      0.9996279761904762
    ],
    "selected_checkpoint_sha256": "76d86f1a83bde7f8f6389684cd2a3913c923e21ccfbe42e40d3255385a9982b1"
  },
  {
    "seed": 1,
    "gate_passed": true,
    "selected_update": 7983,
    "selected_tokens": 60801363,
    "training_tokens": 64005751,
    "general_accuracy": 0.9992165370939553,
    "general_errors": 13,
    "general_n": 16593,
    "general_ce": 0.00183017579278485,
    "first_accuracy": 0.9988839285714286,
    "first_errors": 3,
    "repeat_accuracy": 0.9996279761904762,
    "repeat_errors": 1,
    "each_member_n": 2688,
    "first_ci95": [
      0.9973958333333334,
      1.0
    ],
    "selected_checkpoint_sha256": "bb505254dfde1587e2497238448fd2117f7b1a2292a84497db8fdfb81127e555"
  },
  {
    "seed": 2,
    "gate_passed": true,
    "selected_update": 8399,
    "selected_tokens": 64005751,
    "training_tokens": 64005751,
    "general_accuracy": 0.9996986681130597,
    "general_errors": 5,
    "general_n": 16593,
    "general_ce": 0.0006121430377699604,
    "first_accuracy": 1.0,
    "first_errors": 0,
    "repeat_accuracy": 1.0,
    "repeat_errors": 0,
    "each_member_n": 2688,
    "first_ci95": [
      1.0,
      1.0
    ],
    "selected_checkpoint_sha256": "f9f496b5b5d55bed9f0efc1f3694f91486a1cae97c14af6091f8fe91ec235ec4"
  }
]
