audited causal_pairs/test_changed_composition.origins.jsonl.gz
audited causal_pairs/test_changed_memory.origins.jsonl.gz
audited causal_pairs/test_unchanged_composition.origins.jsonl.gz
audited causal_pairs/test_unchanged_memory.origins.jsonl.gz
audited causal_pairs/val_changed_composition.origins.jsonl.gz
audited causal_pairs/val_changed_memory.origins.jsonl.gz
audited causal_pairs/val_unchanged_composition.origins.jsonl.gz
audited causal_pairs/val_unchanged_memory.origins.jsonl.gz
audited composition/test_pattern_0.jsonl.gz
audited composition/test_pattern_1.jsonl.gz
audited diagnostics/test_balanced_B0.jsonl.gz
audited diagnostics/test_balanced_B1.jsonl.gz
audited diagnostics/test_distance_0_0.jsonl.gz
audited diagnostics/test_distance_1_2.jsonl.gz
audited diagnostics/test_distance_3_10000.jsonl.gz
audited diagnostics/test_first_read_after_set.jsonl.gz
audited diagnostics/test_other_variable.jsonl.gz
audited diagnostics/test_repeated_update.jsonl.gz
audited diagnostics/test_truth_AND_00.jsonl.gz
audited diagnostics/test_truth_AND_01.jsonl.gz
audited diagnostics/test_truth_AND_10.jsonl.gz
audited diagnostics/test_truth_AND_11.jsonl.gz
audited diagnostics/test_truth_OR_00.jsonl.gz
audited diagnostics/test_truth_OR_01.jsonl.gz
audited diagnostics/test_truth_OR_10.jsonl.gz
audited diagnostics/test_truth_OR_11.jsonl.gz
audited diagnostics/test_truth_XOR_00.jsonl.gz
audited diagnostics/test_truth_XOR_01.jsonl.gz
audited diagnostics/test_truth_XOR_10.jsonl.gz
audited diagnostics/test_truth_XOR_11.jsonl.gz
audited diagnostics/val_first_read_after_set.jsonl.gz
audited diagnostics/val_other_variable.jsonl.gz
audited diagnostics/val_repeated_update.jsonl.gz
audited interpretation/test.jsonl.gz
audited interpretation/train.jsonl.gz
audited interpretation/val.jsonl.gz
audited test_iid.jsonl.gz
audited test_length.jsonl.gz
audited train_shards/00000.jsonl.gz
audited train_shards/00001.jsonl.gz
audited train_shards/00002.jsonl.gz
audited train_shards/00003.jsonl.gz
audited train_shards/00004.jsonl.gz
audited train_shards/00005.jsonl.gz
audited train_shards/00006.jsonl.gz
audited train_shards/00007.jsonl.gz
audited train_shards/00008.jsonl.gz
audited train_shards/00009.jsonl.gz
audited train_shards/00010.jsonl.gz
audited train_shards/00011.jsonl.gz
audited train_shards/00012.jsonl.gz
audited train_shards/00013.jsonl.gz
audited train_shards/00014.jsonl.gz
audited train_shards/00015.jsonl.gz
audited train_shards/00016.jsonl.gz
audited train_shards/00017.jsonl.gz
audited train_shards/00018.jsonl.gz
audited train_shards/00019.jsonl.gz
audited train_shards/00020.jsonl.gz
audited train_shards/00021.jsonl.gz
audited train_shards/00022.jsonl.gz
audited train_shards/00023.jsonl.gz
audited train_shards/00024.jsonl.gz
audited train_shards/00025.jsonl.gz
audited train_shards/00026.jsonl.gz
audited train_shards/00027.jsonl.gz
audited train_shards/00028.jsonl.gz
audited train_shards/00029.jsonl.gz
audited train_shards/00030.jsonl.gz
audited train_shards/00031.jsonl.gz
audited train_shards/00032.jsonl.gz
audited train_shards/00033.jsonl.gz
audited train_shards/00034.jsonl.gz
audited val_iid.jsonl.gz
{
  "status": "passed",
  "stored_sequences": 163735,
  "causal_pairs": 3072,
  "file_checksums": "passed",
  "token_metadata_alignment": "passed",
  "independent_replay": "passed",
  "dependency_graph_and_local_sensitivity": "passed",
  "global_sequence_hashes": "passed",
  "interpretation_positions": "passed",
  "holdout_policy": "passed",
  "causal_prefixes": "passed",
  "elapsed_seconds": 82.86546754202573
}
