removed experiment_v1_1/smoke/cpu_01/sae_k4_debug.pt
removed experiment_v1_1/smoke/cpu_01/lm_debug.pt
removed experiment_v1_1/smoke/cpu_01/sae_k16_debug.pt
removed experiment_v1_1/smoke/cpu_01/transcoder_k16_debug.pt
removed experiment_v1_1/smoke/cpu_01/transcoder_k4_debug.pt
removed experiment_v1_1/smoke/cpu_01/persistent_copy/lm_debug.pt
removed experiment_v1_1/bundles/p3_4block_bundle_v1.zip
removed experiment_v1/smoke/cpu_attempt_02/sae_k4_debug.pt
removed experiment_v1/smoke/cpu_attempt_02/lm_debug.pt
removed experiment_v1/smoke/cpu_attempt_02/sae_k16_debug.pt
removed experiment_v1/smoke/cpu_attempt_02/transcoder_k16_debug.pt
removed experiment_v1/smoke/cpu_attempt_02/transcoder_k4_debug.pt
removed experiment_v1/smoke/colab_gpu_01/sae_k4_debug.pt
removed experiment_v1/smoke/colab_gpu_01/lm_debug.pt
removed experiment_v1/smoke/colab_gpu_01/sae_k16_debug.pt
removed experiment_v1/smoke/colab_gpu_01/transcoder_k16_debug.pt
removed experiment_v1/smoke/colab_gpu_01/transcoder_k4_debug.pt
removed experiment_v1/smoke/cli_lm_01/last.pt
removed experiment_v1/smoke/cli_lm_01/best.pt
removed experiment_v1/smoke/cli_lm_01/init.pt
removed experiment_v1/smoke/p3_preflight_cpu_01/sae_k4_debug.pt
removed experiment_v1/smoke/p3_preflight_cpu_01/lm_debug.pt
removed experiment_v1/smoke/p3_preflight_cpu_01/sae_k16_debug.pt
removed experiment_v1/smoke/p3_preflight_cpu_01/transcoder_k16_debug.pt
removed experiment_v1/smoke/p3_preflight_cpu_01/transcoder_k4_debug.pt
removed experiment_v1/smoke/cpu_attempt_01/sae_k4_debug.pt
removed experiment_v1/smoke/cpu_attempt_01/lm_debug.pt
removed experiment_v1/smoke/cpu_attempt_01/sae_k16_debug.pt
removed experiment_v1/smoke/cpu_attempt_01/transcoder_k16_debug.pt
removed experiment_v1/smoke/cpu_attempt_01/transcoder_k4_debug.pt
removed experiment_v1/smoke/cpu_attempt_02/persistent_copy/lm_debug.pt
removed experiment_v1/smoke/colab_gpu_01/persistent_copy/lm_debug.pt
removed experiment_v1/smoke/p3_preflight_cpu_01/persistent_copy/lm_debug.pt
removed experiment_v1/smoke/cpu_attempt_01/persistent_copy/lm_debug.pt
removed experiment_v1/bundles/p3_colab_bundle_v4.zip
removed experiment_v1/bundles/p2_colab_bundle_v1.zip
removed experiment_v1_4/smoke/cpu_fixture_audit_01/deepwide12_read4_debug.pt
removed experiment_v1_4/smoke/cpu_p4_r1/deepwide12_read4_debug.pt
removed experiment_v1_4/smoke/cpu_p3_r3/deepwide12_read4_debug.pt
removed experiment_v1_4/smoke/cpu_01/deepwide12_read4_debug.pt
removed experiment_v1_4/smoke/cpu_fixture_audit_02/deepwide12_read4_debug.pt
removed experiment_v1_4/smoke/resume_01/paused/checkpoints/init.pt
removed experiment_v1_4/smoke/resume_01/paused/checkpoints/update_000001.pt
removed experiment_v1_4/smoke/resume_01/full/checkpoints/init.pt
removed experiment_v1_4/smoke/resume_01/full/checkpoints/update_000003.pt
removed experiment_v1_4/smoke/resume_01/persistent/checkpoints/init.pt
removed experiment_v1_4/smoke/resume_01/persistent/checkpoints/update_000001.pt
removed experiment_v1_4/smoke/resume_01/persistent/checkpoints/update_000003.pt
removed experiment_v1_4/smoke/resume_01/resumed/checkpoints/init.pt
removed experiment_v1_4/smoke/resume_01/resumed/checkpoints/update_000001.pt
removed experiment_v1_4/smoke/resume_01/resumed/checkpoints/update_000003.pt
removed experiment_v1_4/smoke/cpu_fixture_audit_01/persistent_copy/deepwide12_read4_debug.pt
removed experiment_v1_4/smoke/cpu_p4_r1/persistent_copy/deepwide12_read4_debug.pt
removed experiment_v1_4/smoke/cpu_p3_r3/persistent_copy/deepwide12_read4_debug.pt
removed experiment_v1_4/smoke/resume_p4_seed2_r1/paused/checkpoints/init.pt
removed experiment_v1_4/smoke/resume_p4_seed2_r1/paused/checkpoints/update_000001.pt
removed experiment_v1_4/smoke/resume_p4_seed2_r1/full/checkpoints/init.pt
removed experiment_v1_4/smoke/resume_p4_seed2_r1/full/checkpoints/update_000003.pt
removed experiment_v1_4/smoke/resume_p4_seed2_r1/persistent/checkpoints/init.pt
removed experiment_v1_4/smoke/resume_p4_seed2_r1/persistent/checkpoints/update_000001.pt
removed experiment_v1_4/smoke/resume_p4_seed2_r1/persistent/checkpoints/update_000003.pt
removed experiment_v1_4/smoke/resume_p4_seed2_r1/resumed/checkpoints/init.pt
removed experiment_v1_4/smoke/resume_p4_seed2_r1/resumed/checkpoints/update_000001.pt
removed experiment_v1_4/smoke/resume_p4_seed2_r1/resumed/checkpoints/update_000003.pt
removed experiment_v1_4/smoke/cpu_01/persistent_copy/deepwide12_read4_debug.pt
removed experiment_v1_4/smoke/cpu_fixture_audit_02/persistent_copy/deepwide12_read4_debug.pt
removed experiment_v1_4/smoke/resume_p3_r3/paused/checkpoints/init.pt
removed experiment_v1_4/smoke/resume_p3_r3/paused/checkpoints/update_000001.pt
removed experiment_v1_4/smoke/resume_p3_r3/full/checkpoints/init.pt
removed experiment_v1_4/smoke/resume_p3_r3/full/checkpoints/update_000003.pt
removed experiment_v1_4/smoke/resume_p3_r3/persistent/checkpoints/init.pt
removed experiment_v1_4/smoke/resume_p3_r3/persistent/checkpoints/update_000001.pt
removed experiment_v1_4/smoke/resume_p3_r3/persistent/checkpoints/update_000003.pt
removed experiment_v1_4/smoke/resume_p3_r3/resumed/checkpoints/init.pt
removed experiment_v1_4/smoke/resume_p3_r3/resumed/checkpoints/update_000001.pt
removed experiment_v1_4/smoke/resume_p3_r3/resumed/checkpoints/update_000003.pt
removed experiment_v1_4/smoke/resume_p4_seed1_r1/paused/checkpoints/init.pt
removed experiment_v1_4/smoke/resume_p4_seed1_r1/paused/checkpoints/update_000001.pt
removed experiment_v1_4/smoke/resume_p4_seed1_r1/full/checkpoints/init.pt
removed experiment_v1_4/smoke/resume_p4_seed1_r1/full/checkpoints/update_000003.pt
removed experiment_v1_4/smoke/resume_p4_seed1_r1/persistent/checkpoints/init.pt
removed experiment_v1_4/smoke/resume_p4_seed1_r1/persistent/checkpoints/update_000001.pt
removed experiment_v1_4/smoke/resume_p4_seed1_r1/persistent/checkpoints/update_000003.pt
removed experiment_v1_4/smoke/resume_p4_seed1_r1/resumed/checkpoints/init.pt
removed experiment_v1_4/smoke/resume_p4_seed1_r1/resumed/checkpoints/update_000001.pt
removed experiment_v1_4/smoke/resume_p4_seed1_r1/resumed/checkpoints/update_000003.pt
removed experiment_v1_4/bundles/v1_4_p3_bundle_r1.zip
removed experiment_v1_4/bundles/v1_4_p3_bundle_r2.zip
removed experiment_v1_3/bundles/v1_3_pilot_bundle_v1.zip
removed experiment_v1_3/bundles/v1_3_confirm_wide4_read4_seed0_support_v2.zip
removed experiment_v1_2/smoke/cpu_release/sae_k4_debug.pt
removed experiment_v1_2/smoke/cpu_release/lm_debug.pt
removed experiment_v1_2/smoke/cpu_release/sae_k16_debug.pt
removed experiment_v1_2/smoke/cpu_release/transcoder_k16_debug.pt
removed experiment_v1_2/smoke/cpu_release/transcoder_k4_debug.pt
removed experiment_v1_2/smoke/cpu_local/sae_k4_debug.pt
removed experiment_v1_2/smoke/cpu_local/lm_debug.pt
removed experiment_v1_2/smoke/cpu_local/sae_k16_debug.pt
removed experiment_v1_2/smoke/cpu_local/transcoder_k16_debug.pt
removed experiment_v1_2/smoke/cpu_local/transcoder_k4_debug.pt
removed experiment_v1_2/smoke/cpu_02/sae_k4_debug.pt
removed experiment_v1_2/smoke/cpu_02/lm_debug.pt
removed experiment_v1_2/smoke/cpu_02/sae_k16_debug.pt
removed experiment_v1_2/smoke/cpu_02/transcoder_k16_debug.pt
removed experiment_v1_2/smoke/cpu_02/transcoder_k4_debug.pt
removed experiment_v1_2/smoke/cpu_release/persistent_copy/lm_debug.pt
removed experiment_v1_2/smoke/cpu_local/persistent_copy/lm_debug.pt
removed experiment_v1_2/smoke/cpu_02/persistent_copy/lm_debug.pt
removed experiment_v1_2/bundles/p3_16m_bundle_v1.zip
removed experiment_v1_2/bundles/p3_16m_bundle_v2.zip
removed data/language_v1_4/reserved_prefix_hashes.txt
removed data/language_v1_4/reserved_hashes.txt
removed data/language_v1_4/all_sequence_hashes.txt
removed data/language_v1_4/test/length.tokens.jsonl
removed data/language_v1_4/test/general.tokens.jsonl
removed data/language_v1_4/test/length.jsonl.gz
removed data/language_v1_4/test/general.jsonl.gz
removed data/language_v1_4/first_repeat/select.jsonl.gz
removed data/language_v1_4/first_repeat/gate.jsonl.gz
removed data/language_v1_4/first_repeat/test.jsonl.gz
removed data/language_v1_4/interpretation/test.tokens.jsonl
removed data/language_v1_4/interpretation/train.tokens.jsonl
removed data/language_v1_4/interpretation/val.tokens.jsonl
removed data/language_v1_4/interpretation/train.jsonl.gz
removed data/language_v1_4/interpretation/val.jsonl.gz
removed data/language_v1_4/interpretation/test.jsonl.gz
removed data/language_v1_4/train_shards/00018.tokens.jsonl
removed data/language_v1_4/train_shards/00033.jsonl.gz
removed data/language_v1_4/train_shards/00032.jsonl.gz
removed data/language_v1_4/train_shards/00128.tokens.jsonl
removed data/language_v1_4/train_shards/00105.jsonl.gz
removed data/language_v1_4/train_shards/00104.jsonl.gz
removed data/language_v1_4/train_shards/00058.tokens.jsonl
removed data/language_v1_4/train_shards/00044.jsonl.gz
removed data/language_v1_4/train_shards/00045.jsonl.gz
removed data/language_v1_4/train_shards/00119.tokens.jsonl
removed data/language_v1_4/train_shards/00070.jsonl.gz
removed data/language_v1_4/train_shards/00091.tokens.jsonl
removed data/language_v1_4/train_shards/00071.jsonl.gz
removed data/language_v1_4/train_shards/00069.tokens.jsonl
removed data/language_v1_4/train_shards/00096.tokens.jsonl
removed data/language_v1_4/train_shards/00039.jsonl.gz
removed data/language_v1_4/train_shards/00038.jsonl.gz
removed data/language_v1_4/train_shards/00131.jsonl.gz
removed data/language_v1_4/train_shards/00130.jsonl.gz
removed data/language_v1_4/train_shards/00029.tokens.jsonl
removed data/language_v1_4/train_shards/00083.tokens.jsonl
removed data/language_v1_4/train_shards/00084.tokens.jsonl
removed data/language_v1_4/train_shards/00007.jsonl.gz
removed data/language_v1_4/train_shards/00006.jsonl.gz
removed data/language_v1_4/train_shards/00095.jsonl.gz
removed data/language_v1_4/train_shards/00094.jsonl.gz
removed data/language_v1_4/train_shards/00059.tokens.jsonl
removed data/language_v1_4/train_shards/00129.tokens.jsonl
removed data/language_v1_4/train_shards/00024.jsonl.gz
removed data/language_v1_4/train_shards/00025.jsonl.gz
removed data/language_v1_4/train_shards/00053.jsonl.gz
removed data/language_v1_4/train_shards/00052.jsonl.gz
removed data/language_v1_4/train_shards/00019.tokens.jsonl
removed data/language_v1_4/train_shards/00112.jsonl.gz
removed data/language_v1_4/train_shards/00113.jsonl.gz
removed data/language_v1_4/train_shards/00088.jsonl.gz
removed data/language_v1_4/train_shards/00089.jsonl.gz
removed data/language_v1_4/train_shards/00126.jsonl.gz
removed data/language_v1_4/train_shards/00127.jsonl.gz
removed data/language_v1_4/train_shards/00085.tokens.jsonl
removed data/language_v1_4/train_shards/00082.tokens.jsonl
removed data/language_v1_4/train_shards/00028.tokens.jsonl
removed data/language_v1_4/train_shards/00067.jsonl.gz
removed data/language_v1_4/train_shards/00066.jsonl.gz
removed data/language_v1_4/train_shards/00082.jsonl.gz
removed data/language_v1_4/train_shards/00083.jsonl.gz
removed data/language_v1_4/train_shards/00097.tokens.jsonl
removed data/language_v1_4/train_shards/00068.tokens.jsonl
removed data/language_v1_4/train_shards/00118.jsonl.gz
removed data/language_v1_4/train_shards/00119.jsonl.gz
removed data/language_v1_4/train_shards/00090.tokens.jsonl
removed data/language_v1_4/train_shards/00118.tokens.jsonl
removed data/language_v1_4/train_shards/00010.jsonl.gz
removed data/language_v1_4/train_shards/00011.jsonl.gz
removed data/language_v1_4/train_shards/00059.jsonl.gz
removed data/language_v1_4/train_shards/00058.jsonl.gz
removed data/language_v1_4/train_shards/00112.tokens.jsonl
removed data/language_v1_4/train_shards/00065.tokens.jsonl
removed data/language_v1_4/train_shards/00030.tokens.jsonl
removed data/language_v1_4/train_shards/00115.tokens.jsonl
removed data/language_v1_4/train_shards/00062.tokens.jsonl
removed data/language_v1_4/train_shards/00037.tokens.jsonl
removed data/language_v1_4/train_shards/00023.jsonl.gz
removed data/language_v1_4/train_shards/00022.jsonl.gz
removed data/language_v1_4/train_shards/00077.tokens.jsonl
removed data/language_v1_4/train_shards/00022.tokens.jsonl
removed data/language_v1_4/train_shards/00088.tokens.jsonl
removed data/language_v1_4/train_shards/00100.tokens.jsonl
removed data/language_v1_4/train_shards/00070.tokens.jsonl
removed data/language_v1_4/train_shards/00025.tokens.jsonl
removed data/language_v1_4/train_shards/00107.tokens.jsonl
removed data/language_v1_4/train_shards/00054.jsonl.gz
removed data/language_v1_4/train_shards/00055.jsonl.gz
removed data/language_v1_4/train_shards/00115.jsonl.gz
removed data/language_v1_4/train_shards/00114.jsonl.gz
removed data/language_v1_4/train_shards/00046.tokens.jsonl
removed data/language_v1_4/train_shards/00013.tokens.jsonl
removed data/language_v1_4/train_shards/00029.jsonl.gz
removed data/language_v1_4/train_shards/00028.jsonl.gz
removed data/language_v1_4/train_shards/00131.tokens.jsonl
removed data/language_v1_4/train_shards/00041.tokens.jsonl
removed data/language_v1_4/train_shards/00014.tokens.jsonl
removed data/language_v1_4/train_shards/00121.jsonl.gz
removed data/language_v1_4/train_shards/00120.jsonl.gz
removed data/language_v1_4/train_shards/00060.jsonl.gz
removed data/language_v1_4/train_shards/00061.jsonl.gz
removed data/language_v1_4/train_shards/00123.tokens.jsonl
removed data/language_v1_4/train_shards/00017.jsonl.gz
removed data/language_v1_4/train_shards/00016.jsonl.gz
removed data/language_v1_4/train_shards/00054.tokens.jsonl
removed data/language_v1_4/train_shards/00001.tokens.jsonl
removed data/language_v1_4/train_shards/00085.jsonl.gz
removed data/language_v1_4/train_shards/00124.tokens.jsonl
removed data/language_v1_4/train_shards/00084.jsonl.gz
removed data/language_v1_4/train_shards/00053.tokens.jsonl
removed data/language_v1_4/train_shards/00006.tokens.jsonl
removed data/language_v1_4/train_shards/00106.tokens.jsonl
removed data/language_v1_4/train_shards/00034.jsonl.gz
removed data/language_v1_4/train_shards/00035.jsonl.gz
removed data/language_v1_4/train_shards/00024.tokens.jsonl
removed data/language_v1_4/train_shards/00071.tokens.jsonl
removed data/language_v1_4/train_shards/00101.tokens.jsonl
removed data/language_v1_4/train_shards/00089.tokens.jsonl
removed data/language_v1_4/train_shards/00023.tokens.jsonl
removed data/language_v1_4/train_shards/00076.tokens.jsonl
removed data/language_v1_4/train_shards/00036.tokens.jsonl
removed data/language_v1_4/train_shards/00063.tokens.jsonl
removed data/language_v1_4/train_shards/00114.tokens.jsonl
removed data/language_v1_4/train_shards/00031.tokens.jsonl
removed data/language_v1_4/train_shards/00064.tokens.jsonl
removed data/language_v1_4/train_shards/00102.jsonl.gz
removed data/language_v1_4/train_shards/00103.jsonl.gz
removed data/language_v1_4/train_shards/00098.jsonl.gz
removed data/language_v1_4/train_shards/00113.tokens.jsonl
removed data/language_v1_4/train_shards/00099.jsonl.gz
removed data/language_v1_4/train_shards/00043.jsonl.gz
removed data/language_v1_4/train_shards/00042.jsonl.gz
removed data/language_v1_4/train_shards/00007.tokens.jsonl
removed data/language_v1_4/train_shards/00052.tokens.jsonl
removed data/language_v1_4/train_shards/00125.tokens.jsonl
removed data/language_v1_4/train_shards/00000.tokens.jsonl
removed data/language_v1_4/train_shards/00055.tokens.jsonl
removed data/language_v1_4/train_shards/00122.tokens.jsonl
removed data/language_v1_4/train_shards/00077.jsonl.gz
removed data/language_v1_4/train_shards/00076.jsonl.gz
removed data/language_v1_4/train_shards/00015.tokens.jsonl
removed data/language_v1_4/train_shards/00040.tokens.jsonl
removed data/language_v1_4/train_shards/00049.jsonl.gz
removed data/language_v1_4/train_shards/00048.jsonl.gz
removed data/language_v1_4/train_shards/00130.tokens.jsonl
removed data/language_v1_4/train_shards/00012.tokens.jsonl
removed data/language_v1_4/train_shards/00047.tokens.jsonl
removed data/language_v1_4/train_shards/00092.jsonl.gz
removed data/language_v1_4/train_shards/00093.jsonl.gz
removed data/language_v1_4/train_shards/00108.jsonl.gz
removed data/language_v1_4/train_shards/00109.jsonl.gz
removed data/language_v1_4/train_shards/00000.jsonl.gz
removed data/language_v1_4/train_shards/00001.jsonl.gz
removed data/language_v1_4/train_shards/00125.jsonl.gz
removed data/language_v1_4/train_shards/00124.jsonl.gz
removed data/language_v1_4/train_shards/00074.tokens.jsonl
removed data/language_v1_4/train_shards/00021.tokens.jsonl
removed data/language_v1_4/train_shards/00103.tokens.jsonl
removed data/language_v1_4/train_shards/00064.jsonl.gz
removed data/language_v1_4/train_shards/00065.jsonl.gz
removed data/language_v1_4/train_shards/00073.tokens.jsonl
removed data/language_v1_4/train_shards/00026.tokens.jsonl
removed data/language_v1_4/train_shards/00104.tokens.jsonl
removed data/language_v1_4/train_shards/00081.jsonl.gz
removed data/language_v1_4/train_shards/00080.jsonl.gz
removed data/language_v1_4/train_shards/00013.jsonl.gz
removed data/language_v1_4/train_shards/00012.jsonl.gz
removed data/language_v1_4/train_shards/00111.tokens.jsonl
removed data/language_v1_4/train_shards/00099.tokens.jsonl
removed data/language_v1_4/train_shards/00066.tokens.jsonl
removed data/language_v1_4/train_shards/00033.tokens.jsonl
removed data/language_v1_4/train_shards/00116.tokens.jsonl
removed data/language_v1_4/train_shards/00061.tokens.jsonl
removed data/language_v1_4/train_shards/00034.tokens.jsonl
removed data/language_v1_4/train_shards/00120.tokens.jsonl
removed data/language_v1_4/train_shards/00027.jsonl.gz
removed data/language_v1_4/train_shards/00026.jsonl.gz
removed data/language_v1_4/train_shards/00057.tokens.jsonl
removed data/language_v1_4/train_shards/00002.tokens.jsonl
removed data/language_v1_4/train_shards/00127.tokens.jsonl
removed data/language_v1_4/train_shards/00050.tokens.jsonl
removed data/language_v1_4/train_shards/00005.tokens.jsonl
removed data/language_v1_4/train_shards/00050.jsonl.gz
removed data/language_v1_4/train_shards/00051.jsonl.gz
removed data/language_v1_4/train_shards/00045.tokens.jsonl
removed data/language_v1_4/train_shards/00010.tokens.jsonl
removed data/language_v1_4/train_shards/00019.jsonl.gz
removed data/language_v1_4/train_shards/00018.jsonl.gz
removed data/language_v1_4/train_shards/00132.tokens.jsonl
removed data/language_v1_4/train_shards/00042.tokens.jsonl
removed data/language_v1_4/train_shards/00017.tokens.jsonl
removed data/language_v1_4/train_shards/00111.jsonl.gz
removed data/language_v1_4/train_shards/00110.jsonl.gz
removed data/language_v1_4/train_shards/00073.jsonl.gz
removed data/language_v1_4/train_shards/00072.jsonl.gz
removed data/language_v1_4/train_shards/00035.tokens.jsonl
removed data/language_v1_4/train_shards/00060.tokens.jsonl
removed data/language_v1_4/train_shards/00117.tokens.jsonl
removed data/language_v1_4/train_shards/00032.tokens.jsonl
removed data/language_v1_4/train_shards/00067.tokens.jsonl
removed data/language_v1_4/train_shards/00098.tokens.jsonl
removed data/language_v1_4/train_shards/00132.jsonl.gz
removed data/language_v1_4/train_shards/00110.tokens.jsonl
removed data/language_v1_4/train_shards/00105.tokens.jsonl
removed data/language_v1_4/train_shards/00004.jsonl.gz
removed data/language_v1_4/train_shards/00005.jsonl.gz
removed data/language_v1_4/train_shards/00027.tokens.jsonl
removed data/language_v1_4/train_shards/00072.tokens.jsonl
removed data/language_v1_4/train_shards/00102.tokens.jsonl
removed data/language_v1_4/train_shards/00096.jsonl.gz
removed data/language_v1_4/train_shards/00097.jsonl.gz
removed data/language_v1_4/train_shards/00020.tokens.jsonl
removed data/language_v1_4/train_shards/00075.tokens.jsonl
removed data/language_v1_4/train_shards/00030.jsonl.gz
removed data/language_v1_4/train_shards/00031.jsonl.gz
removed data/language_v1_4/train_shards/00016.tokens.jsonl
removed data/language_v1_4/train_shards/00043.tokens.jsonl
removed data/language_v1_4/train_shards/00011.tokens.jsonl
removed data/language_v1_4/train_shards/00044.tokens.jsonl
removed data/language_v1_4/train_shards/00079.jsonl.gz
removed data/language_v1_4/train_shards/00078.jsonl.gz
removed data/language_v1_4/train_shards/00106.jsonl.gz
removed data/language_v1_4/train_shards/00107.jsonl.gz
removed data/language_v1_4/train_shards/00004.tokens.jsonl
removed data/language_v1_4/train_shards/00051.tokens.jsonl
removed data/language_v1_4/train_shards/00126.tokens.jsonl
removed data/language_v1_4/train_shards/00047.jsonl.gz
removed data/language_v1_4/train_shards/00046.jsonl.gz
removed data/language_v1_4/train_shards/00003.tokens.jsonl
removed data/language_v1_4/train_shards/00056.tokens.jsonl
removed data/language_v1_4/train_shards/00121.tokens.jsonl
removed data/language_v1_4/train_shards/00074.jsonl.gz
removed data/language_v1_4/train_shards/00075.jsonl.gz
removed data/language_v1_4/train_shards/00009.tokens.jsonl
removed data/language_v1_4/train_shards/00091.jsonl.gz
removed data/language_v1_4/train_shards/00090.jsonl.gz
removed data/language_v1_4/train_shards/00003.jsonl.gz
removed data/language_v1_4/train_shards/00002.jsonl.gz
removed data/language_v1_4/train_shards/00049.tokens.jsonl
removed data/language_v1_4/train_shards/00037.jsonl.gz
removed data/language_v1_4/train_shards/00036.jsonl.gz
removed data/language_v1_4/train_shards/00080.tokens.jsonl
removed data/language_v1_4/train_shards/00108.tokens.jsonl
removed data/language_v1_4/train_shards/00087.tokens.jsonl
removed data/language_v1_4/train_shards/00078.tokens.jsonl
removed data/language_v1_4/train_shards/00009.jsonl.gz
removed data/language_v1_4/train_shards/00008.jsonl.gz
removed data/language_v1_4/train_shards/00101.jsonl.gz
removed data/language_v1_4/train_shards/00100.jsonl.gz
removed data/language_v1_4/train_shards/00040.jsonl.gz
removed data/language_v1_4/train_shards/00041.jsonl.gz
removed data/language_v1_4/train_shards/00092.tokens.jsonl
removed data/language_v1_4/train_shards/00038.tokens.jsonl
removed data/language_v1_4/train_shards/00095.tokens.jsonl
removed data/language_v1_4/train_shards/00122.jsonl.gz
removed data/language_v1_4/train_shards/00123.jsonl.gz
removed data/language_v1_4/train_shards/00063.jsonl.gz
removed data/language_v1_4/train_shards/00062.jsonl.gz
removed data/language_v1_4/train_shards/00048.tokens.jsonl
removed data/language_v1_4/train_shards/00014.jsonl.gz
removed data/language_v1_4/train_shards/00015.jsonl.gz
removed data/language_v1_4/train_shards/00086.jsonl.gz
removed data/language_v1_4/train_shards/00087.jsonl.gz
removed data/language_v1_4/train_shards/00008.tokens.jsonl
removed data/language_v1_4/train_shards/00069.jsonl.gz
removed data/language_v1_4/train_shards/00068.jsonl.gz
removed data/language_v1_4/train_shards/00128.jsonl.gz
removed data/language_v1_4/train_shards/00129.jsonl.gz
removed data/language_v1_4/train_shards/00094.tokens.jsonl
removed data/language_v1_4/train_shards/00020.jsonl.gz
removed data/language_v1_4/train_shards/00039.tokens.jsonl
removed data/language_v1_4/train_shards/00021.jsonl.gz
removed data/language_v1_4/train_shards/00093.tokens.jsonl
removed data/language_v1_4/train_shards/00057.jsonl.gz
removed data/language_v1_4/train_shards/00056.jsonl.gz
removed data/language_v1_4/train_shards/00116.jsonl.gz
removed data/language_v1_4/train_shards/00079.tokens.jsonl
removed data/language_v1_4/train_shards/00117.jsonl.gz
removed data/language_v1_4/train_shards/00086.tokens.jsonl
removed data/language_v1_4/train_shards/00109.tokens.jsonl
removed data/language_v1_4/train_shards/00081.tokens.jsonl
removed data/language_v1_4/gate/general.tokens.jsonl
removed data/language_v1_4/gate/general.jsonl.gz
removed data/language_v1_4/select/general.tokens.jsonl
removed data/language_v1_4/select/general.jsonl.gz
removed data/language_v1_4/causal_pairs/val_changed_composition.jsonl.gz
removed data/language_v1_4/causal_pairs/val_unchanged_composition.jsonl.gz
removed data/language_v1_4/causal_pairs/test_unchanged_composition.origins.jsonl.gz
removed data/language_v1_4/causal_pairs/test_changed_composition.origins.jsonl.gz
removed data/language_v1_4/causal_pairs/val_unchanged_memory.jsonl.gz
removed data/language_v1_4/causal_pairs/val_unchanged_memory.origins.jsonl.gz
removed data/language_v1_4/causal_pairs/test_unchanged_memory.origins.jsonl.gz
removed data/language_v1_4/causal_pairs/val_changed_memory.origins.jsonl.gz
removed data/language_v1_4/causal_pairs/test_changed_composition.jsonl.gz
removed data/language_v1_4/causal_pairs/val_changed_composition.origins.jsonl.gz
removed data/language_v1_4/causal_pairs/test_changed_memory.jsonl.gz
removed data/language_v1_4/causal_pairs/val_unchanged_composition.origins.jsonl.gz
removed data/language_v1_4/causal_pairs/val_changed_memory.jsonl.gz
removed data/language_v1_4/causal_pairs/test_unchanged_memory.jsonl.gz
removed data/language_v1_4/causal_pairs/test_changed_memory.origins.jsonl.gz
removed data/language_v1_4/causal_pairs/test_unchanged_composition.jsonl.gz
removed data/language_v1_4/test/composition/pattern_1.jsonl.gz
removed data/language_v1_4/test/composition/pattern_0.jsonl.gz
removed data/language_v1_4/test/composition/pattern_1.tokens.jsonl
removed data/language_v1_4/test/composition/pattern_0.tokens.jsonl
removed data/language_v1_4/test/legacy_diagnostics/repeated_update.tokens.jsonl
removed data/language_v1_4/test/legacy_diagnostics/other_variable.tokens.jsonl
removed data/language_v1_4/test/legacy_diagnostics/other_variable.jsonl.gz
removed data/language_v1_4/test/legacy_diagnostics/repeated_update.jsonl.gz
removed data/language_v1_4/test/legacy_diagnostics/first_read_after_set.tokens.jsonl
removed data/language_v1_4/test/legacy_diagnostics/first_read_after_set.jsonl.gz
removed data/language_v1_4/gate/legacy_diagnostics/repeated_update.tokens.jsonl
removed data/language_v1_4/gate/legacy_diagnostics/other_variable.tokens.jsonl
removed data/language_v1_4/gate/legacy_diagnostics/other_variable.jsonl.gz
removed data/language_v1_4/gate/legacy_diagnostics/repeated_update.jsonl.gz
removed data/language_v1_4/gate/legacy_diagnostics/first_read_after_set.tokens.jsonl
removed data/language_v1_4/gate/legacy_diagnostics/first_read_after_set.jsonl.gz
{
  "files_by_reason": {
    "completed_debug_checkpoint": 101,
    "superseded_delivery_bundle": 9,
    "rejected_corpus_payload": 318
  },
  "logical_bytes_by_reason": {
    "completed_debug_checkpoint": 4663111376,
    "superseded_delivery_bundle": 5095191737,
    "rejected_corpus_payload": 1871566924
  },
  "unique_allocated_bytes_removed": 10718625792,
  "disk_before": {
    "total": 245107195904,
    "used": 243620237312,
    "free": 1486958592
  },
  "disk_after": {
    "total": 245107195904,
    "used": 234425348096,
    "free": 10681847808
  }
}
