42-cell sampler/RNG equivalence passed
select NOT:0:depth_1 max attempts 4469 elapsed 2.5
select NOT:0:depth_2-3 max attempts 5015 elapsed 2.7
select NOT:0:depth_4+ max attempts 3424 elapsed 2.9
select NOT:1:depth_1 max attempts 2901 elapsed 3.1
select NOT:1:depth_2-3 max attempts 5041 elapsed 3.3
select NOT:1:depth_4+ max attempts 3347 elapsed 3.5
select AND:00:depth_1 max attempts 44006 elapsed 5.0
select AND:00:depth_2-3 max attempts 6455 elapsed 5.5
select AND:00:depth_4+ max attempts 4307 elapsed 5.8
select AND:01:depth_1 max attempts 18431 elapsed 7.0
select AND:01:depth_2-3 max attempts 8831 elapsed 7.5
select AND:01:depth_4+ max attempts 5025 elapsed 8.0
select AND:10:depth_1 max attempts 18342 elapsed 9.5
select AND:10:depth_2-3 max attempts 11647 elapsed 10.0
select AND:10:depth_4+ max attempts 8326 elapsed 10.4
select AND:11:depth_1 max attempts 28694 elapsed 11.9
select AND:11:depth_2-3 max attempts 7253 elapsed 12.3
select AND:11:depth_4+ max attempts 5405 elapsed 12.7
select OR:00:depth_1 max attempts 16867 elapsed 14.0
select OR:00:depth_2-3 max attempts 6887 elapsed 14.6
select OR:00:depth_4+ max attempts 7139 elapsed 14.9
select OR:01:depth_1 max attempts 26309 elapsed 16.3
select OR:01:depth_2-3 max attempts 11328 elapsed 16.9
select OR:01:depth_4+ max attempts 9674 elapsed 17.3
select OR:10:depth_1 max attempts 27650 elapsed 18.9
select OR:10:depth_2-3 max attempts 12529 elapsed 19.5
select OR:10:depth_4+ max attempts 5866 elapsed 19.9
select OR:11:depth_1 max attempts 39825 elapsed 21.4
select OR:11:depth_2-3 max attempts 14455 elapsed 21.9
select OR:11:depth_4+ max attempts 6987 elapsed 22.3
select XOR:00:depth_1 max attempts 30375 elapsed 24.2
select XOR:00:depth_2-3 max attempts 5935 elapsed 24.6
select XOR:00:depth_4+ max attempts 5511 elapsed 25.0
select XOR:01:depth_1 max attempts 33128 elapsed 26.5
select XOR:01:depth_2-3 max attempts 10650 elapsed 27.0
select XOR:01:depth_4+ max attempts 9522 elapsed 27.4
select XOR:10:depth_1 max attempts 19349 elapsed 29.4
select XOR:10:depth_2-3 max attempts 8452 elapsed 30.0
select XOR:10:depth_4+ max attempts 8285 elapsed 30.4
select XOR:11:depth_1 max attempts 21369 elapsed 32.2
select XOR:11:depth_2-3 max attempts 15348 elapsed 33.0
select XOR:11:depth_4+ max attempts 4972 elapsed 33.5
gate NOT:0:depth_1 max attempts 3807 elapsed 36.4
gate NOT:0:depth_2-3 max attempts 2472 elapsed 36.6
gate NOT:0:depth_4+ max attempts 4811 elapsed 36.9
gate NOT:1:depth_1 max attempts 3672 elapsed 37.2
gate NOT:1:depth_2-3 max attempts 3371 elapsed 37.4
gate NOT:1:depth_4+ max attempts 2649 elapsed 37.7
gate AND:00:depth_1 max attempts 27352 elapsed 39.3
gate AND:00:depth_2-3 max attempts 7344 elapsed 39.8
gate AND:00:depth_4+ max attempts 5617 elapsed 40.2
gate AND:01:depth_1 max attempts 27205 elapsed 41.7
gate AND:01:depth_2-3 max attempts 13908 elapsed 42.2
gate AND:01:depth_4+ max attempts 10215 elapsed 42.7
gate AND:10:depth_1 max attempts 28554 elapsed 44.1
gate AND:10:depth_2-3 max attempts 5636 elapsed 44.7
gate AND:10:depth_4+ max attempts 8026 elapsed 45.2
gate AND:11:depth_1 max attempts 41833 elapsed 46.9
gate AND:11:depth_2-3 max attempts 6286 elapsed 47.3
gate AND:11:depth_4+ max attempts 8270 elapsed 47.7
gate OR:00:depth_1 max attempts 18400 elapsed 49.3
gate OR:00:depth_2-3 max attempts 13176 elapsed 49.8
gate OR:00:depth_4+ max attempts 5727 elapsed 50.1
gate OR:01:depth_1 max attempts 31573 elapsed 52.1
gate OR:01:depth_2-3 max attempts 5524 elapsed 52.6
gate OR:01:depth_4+ max attempts 8981 elapsed 53.0
gate OR:10:depth_1 max attempts 29107 elapsed 54.8
gate OR:10:depth_2-3 max attempts 7262 elapsed 55.3
gate OR:10:depth_4+ max attempts 16351 elapsed 55.8
gate OR:11:depth_1 max attempts 48282 elapsed 57.6
gate OR:11:depth_2-3 max attempts 12876 elapsed 58.2
gate OR:11:depth_4+ max attempts 7003 elapsed 58.5
gate XOR:00:depth_1 max attempts 37637 elapsed 60.1
gate XOR:00:depth_2-3 max attempts 6272 elapsed 60.5
gate XOR:00:depth_4+ max attempts 4805 elapsed 61.0
gate XOR:01:depth_1 max attempts 25710 elapsed 62.6
gate XOR:01:depth_2-3 max attempts 8568 elapsed 63.3
gate XOR:01:depth_4+ max attempts 6671 elapsed 63.8
gate XOR:10:depth_1 max attempts 30892 elapsed 65.4
gate XOR:10:depth_2-3 max attempts 10910 elapsed 66.0
gate XOR:10:depth_4+ max attempts 6761 elapsed 66.5
gate XOR:11:depth_1 max attempts 26957 elapsed 67.8
gate XOR:11:depth_2-3 max attempts 11675 elapsed 68.2
gate XOR:11:depth_4+ max attempts 7617 elapsed 68.7
test NOT:0:depth_1 max attempts 3036 elapsed 76.2
test NOT:0:depth_2-3 max attempts 4093 elapsed 76.6
test NOT:0:depth_4+ max attempts 4543 elapsed 77.0
test NOT:1:depth_1 max attempts 3285 elapsed 77.4
test NOT:1:depth_2-3 max attempts 5343 elapsed 77.9
test NOT:1:depth_4+ max attempts 5757 elapsed 78.4
test AND:00:depth_1 max attempts 36581 elapsed 82.2
test AND:00:depth_2-3 max attempts 8938 elapsed 83.3
test AND:00:depth_4+ max attempts 5969 elapsed 84.1
test AND:01:depth_1 max attempts 40624 elapsed 88.9
test AND:01:depth_2-3 max attempts 14017 elapsed 90.0
test AND:01:depth_4+ max attempts 5578 elapsed 90.9
test AND:10:depth_1 max attempts 39689 elapsed 94.3
test AND:10:depth_2-3 max attempts 7933 elapsed 95.5
test AND:10:depth_4+ max attempts 7975 elapsed 96.5
test AND:11:depth_1 max attempts 24568 elapsed 99.9
test AND:11:depth_2-3 max attempts 10234 elapsed 101.1
test AND:11:depth_4+ max attempts 8168 elapsed 102.0
test OR:00:depth_1 max attempts 35024 elapsed 105.8
test OR:00:depth_2-3 max attempts 10416 elapsed 106.8
test OR:00:depth_4+ max attempts 5085 elapsed 107.6
test OR:01:depth_1 max attempts 46100 elapsed 112.0
test OR:01:depth_2-3 max attempts 11694 elapsed 113.3
test OR:01:depth_4+ max attempts 11214 elapsed 114.4
test OR:10:depth_1 max attempts 26511 elapsed 117.9
test OR:10:depth_2-3 max attempts 8623 elapsed 119.2
test OR:10:depth_4+ max attempts 11296 elapsed 120.0
test OR:11:depth_1 max attempts 23513 elapsed 123.4
test OR:11:depth_2-3 max attempts 9371 elapsed 124.4
test OR:11:depth_4+ max attempts 7923 elapsed 125.4
test XOR:00:depth_1 max attempts 38221 elapsed 129.2
test XOR:00:depth_2-3 max attempts 11039 elapsed 130.5
test XOR:00:depth_4+ max attempts 4907 elapsed 131.1
test XOR:01:depth_1 max attempts 31989 elapsed 134.9
test XOR:01:depth_2-3 max attempts 11483 elapsed 136.2
test XOR:01:depth_4+ max attempts 6721 elapsed 137.0
test XOR:10:depth_1 max attempts 58433 elapsed 141.6
test XOR:10:depth_2-3 max attempts 10262 elapsed 143.3
test XOR:10:depth_4+ max attempts 7176 elapsed 144.4
test XOR:11:depth_1 max attempts 41117 elapsed 148.6
test XOR:11:depth_2-3 max attempts 11836 elapsed 149.7
test XOR:11:depth_4+ max attempts 7709 elapsed 150.7
{'status': 'passed', 'max_attempts': 58433, 'cap': 100000, 'targets': 10752, 'cells': 126, 'rng_and_rejections_match': True, 'sampler_selfcheck_cells': 42, 'elapsed_seconds': 150.70850970898755}
