Traceback (most recent call last):
  File "/Users/jangjiheon/Desktop/MI/scripts/audit_v1_4_attempts.py", line 142, in <module>
    run(p.parse_args().output)
  File "/Users/jangjiheon/Desktop/MI/scripts/audit_v1_4_attempts.py", line 113, in run
    output.mkdir(parents=True,exist_ok=False); selfcheck();start=time.monotonic()
                                               ^^^^^^^^^^^
  File "/Users/jangjiheon/Desktop/MI/scripts/audit_v1_4_attempts.py", line 103, in selfcheck
    status,tokens,n,rid=candidate(b,*args(cell))
                        ^^^^^^^^^^^^^^^^^^^^^^^^
  File "/opt/anaconda3/lib/python3.12/site-packages/numba/core/dispatcher.py", line 423, in _compile_for_args
    error_rewrite(e, 'typing')
  File "/opt/anaconda3/lib/python3.12/site-packages/numba/core/dispatcher.py", line 364, in error_rewrite
    raise e.with_traceback(None)
numba.core.errors.TypingError: Failed in nopython mode pipeline (step: nopython frontend)
[1m[1m[1m[1m- Resolution failure for literal arguments:
[1m[1mNo implementation of function Function(<function NumPyRandomGeneratorType_integers at 0x12e199760>) found for signature:

 >>> NumPyRandomGeneratorType_integers(NumPyRandomGeneratorType, Literal[int](4))

There are 2 candidate implementations:
[1m      - Of which 2 did not match due to:
      Overload in function 'NumPyRandomGeneratorType_integers': File: numba/np/random/generator_methods.py: Line 86.
        With argument(s): '(NumPyRandomGeneratorType, int64)':[0m
[1m       Rejected as the implementation raised a specific error:
         TypingError: [1mmissing a required argument: 'high'[0m[0m
  raised from /opt/anaconda3/lib/python3.12/site-packages/numba/core/typing/templates.py:783
[0m[0m
[0m[1m- Resolution failure for non-literal arguments:
[1m[1mNo implementation of function Function(<function NumPyRandomGeneratorType_integers at 0x12e199760>) found for signature:

 >>> NumPyRandomGeneratorType_integers(NumPyRandomGeneratorType, int64)

There are 2 candidate implementations:
[1m      - Of which 2 did not match due to:
      Overload in function 'NumPyRandomGeneratorType_integers': File: numba/np/random/generator_methods.py: Line 86.
        With argument(s): '(NumPyRandomGeneratorType, int64)':[0m
[1m       Rejected as the implementation raised a specific error:
         TypingError: [1mmissing a required argument: 'high'[0m[0m
  raised from /opt/anaconda3/lib/python3.12/site-packages/numba/core/typing/templates.py:783
[0m[0m
[0m[0m
[0m[1mDuring: resolving callee type: BoundFunction((<class 'numba.core.types.npytypes.NumPyRandomGeneratorType'>, 'integers') for NumPyRandomGeneratorType)[0m
[0m[1mDuring: typing of call at /Users/jangjiheon/Desktop/MI/scripts/audit_v1_4_attempts.py (37)
[0m
[1m
File "scripts/audit_v1_4_attempts.py", line 37:[0m
[1mdef candidate(gen, wanted_op, wanted_pattern, wanted_depth):
    <source elided>
            v=gen.random(); op=0 if v<.25 else 1 if v<.5 else 2 if v<2/3 else 3 if v<5/6 else 4
[1m            d=gen.integers(4); x=0
[0m            [1m^[0m[0m

