{
  "status": "passed_delivery_checks",
  "bundle": "experiment_v1_4/bundles/v1_4_p4_bundle_r1.zip",
  "bundle_sha256": "75a435a7da71fcd3cf954cc3c12cc7d0c66db693aacd37ffb4105fc97b092bb3",
  "bytes": 1575034876,
  "members": 421,
  "all_member_checksums_verified": true,
  "notebooks": {
    "experiment_v1_4/notebooks/P4_v1_4_seed1_r1.ipynb": "be6e6d72fdd7f0f385289d75b7990979797bac36a9271bf9e96a41ffd79cae19",
    "experiment_v1_4/notebooks/P4_v1_4_seed2_r1.ipynb": "35d2fc5c3abfea8259ae04244ab32b0f7c4716534470dffe4bdcdd5621cb70ac"
  },
  "notebook_code_cells_compiled": 14,
  "frozen_inputs": {
    "corpus_manifest": "9258ef6dbd0af0ca1893836bde8226000c06c52e5f98f9bfa6e0b312b566df97",
    "configs": "e9218ae1179df2922453e2c60288a6aae883cecd4f72bbfde1bdc9bdee58bd73",
    "verified_files": 330
  },
  "gpu_replication": "not_run",
  "test_scores_observed": false
}
